Archive member included to satisfy reference by file (symbol)

/usr/lib/gcc/arm-none-eabi/12.2.1/thumb/v6-m/nofp/libgcc.a(_dvmd_tls.o)
                              CMakeFiles/rfm69.dir/home/scott/Documents/pico/pico-sdk/src/rp2_common/pico_divider/divider.S.obj (__aeabi_idiv0)
/usr/lib/gcc/arm-none-eabi/12.2.1/../../../arm-none-eabi/lib/thumb/v6-m/nofp/libg.a(lib_a-atexit.o)
                              /usr/lib/gcc/arm-none-eabi/12.2.1/../../../arm-none-eabi/lib/thumb/v6-m/nofp/crt0.o (atexit)
/usr/lib/gcc/arm-none-eabi/12.2.1/../../../arm-none-eabi/lib/thumb/v6-m/nofp/libg.a(lib_a-calloc.o)
                              CMakeFiles/rfm69.dir/home/scott/Documents/pico/pico-sdk/src/rp2_common/pico_malloc/pico_malloc.c.obj (calloc)
/usr/lib/gcc/arm-none-eabi/12.2.1/../../../arm-none-eabi/lib/thumb/v6-m/nofp/libg.a(lib_a-callocr.o)
                              /usr/lib/gcc/arm-none-eabi/12.2.1/../../../arm-none-eabi/lib/thumb/v6-m/nofp/libg.a(lib_a-calloc.o) (_calloc_r)
/usr/lib/gcc/arm-none-eabi/12.2.1/../../../arm-none-eabi/lib/thumb/v6-m/nofp/libg.a(lib_a-fini.o)
                              /usr/lib/gcc/arm-none-eabi/12.2.1/../../../arm-none-eabi/lib/thumb/v6-m/nofp/crt0.o (__libc_fini_array)
/usr/lib/gcc/arm-none-eabi/12.2.1/../../../arm-none-eabi/lib/thumb/v6-m/nofp/libg.a(lib_a-impure.o)
                              /usr/lib/gcc/arm-none-eabi/12.2.1/../../../arm-none-eabi/lib/thumb/v6-m/nofp/libg.a(lib_a-calloc.o) (_impure_ptr)
/usr/lib/gcc/arm-none-eabi/12.2.1/../../../arm-none-eabi/lib/thumb/v6-m/nofp/libg.a(lib_a-init.o)
                              /usr/lib/gcc/arm-none-eabi/12.2.1/../../../arm-none-eabi/lib/thumb/v6-m/nofp/crt0.o (__libc_init_array)
/usr/lib/gcc/arm-none-eabi/12.2.1/../../../arm-none-eabi/lib/thumb/v6-m/nofp/libg.a(lib_a-malloc.o)
                              CMakeFiles/rfm69.dir/home/scott/Documents/pico/pico-sdk/src/rp2_common/pico_malloc/pico_malloc.c.obj (malloc)
/usr/lib/gcc/arm-none-eabi/12.2.1/../../../arm-none-eabi/lib/thumb/v6-m/nofp/libg.a(lib_a-mallocr.o)
                              /usr/lib/gcc/arm-none-eabi/12.2.1/../../../arm-none-eabi/lib/thumb/v6-m/nofp/libg.a(lib_a-callocr.o) (_malloc_r)
/usr/lib/gcc/arm-none-eabi/12.2.1/../../../arm-none-eabi/lib/thumb/v6-m/nofp/libg.a(lib_a-mlock.o)
                              /usr/lib/gcc/arm-none-eabi/12.2.1/../../../arm-none-eabi/lib/thumb/v6-m/nofp/libg.a(lib_a-mallocr.o) (__malloc_lock)
/usr/lib/gcc/arm-none-eabi/12.2.1/../../../arm-none-eabi/lib/thumb/v6-m/nofp/libg.a(lib_a-realloc.o)
                              CMakeFiles/rfm69.dir/home/scott/Documents/pico/pico-sdk/src/rp2_common/pico_malloc/pico_malloc.c.obj (realloc)
/usr/lib/gcc/arm-none-eabi/12.2.1/../../../arm-none-eabi/lib/thumb/v6-m/nofp/libg.a(lib_a-reallocr.o)
                              /usr/lib/gcc/arm-none-eabi/12.2.1/../../../arm-none-eabi/lib/thumb/v6-m/nofp/libg.a(lib_a-realloc.o) (_realloc_r)
/usr/lib/gcc/arm-none-eabi/12.2.1/../../../arm-none-eabi/lib/thumb/v6-m/nofp/libg.a(lib_a-sbrkr.o)
                              /usr/lib/gcc/arm-none-eabi/12.2.1/../../../arm-none-eabi/lib/thumb/v6-m/nofp/libg.a(lib_a-mallocr.o) (_sbrk_r)
/usr/lib/gcc/arm-none-eabi/12.2.1/../../../arm-none-eabi/lib/thumb/v6-m/nofp/libg.a(lib_a-strlen-stub.o)
                              CMakeFiles/rfm69.dir/home/scott/Documents/pico/pico-sdk/src/rp2_common/pico_stdio/stdio.c.obj (strlen)
/usr/lib/gcc/arm-none-eabi/12.2.1/../../../arm-none-eabi/lib/thumb/v6-m/nofp/libg.a(lib_a-__atexit.o)
                              /usr/lib/gcc/arm-none-eabi/12.2.1/../../../arm-none-eabi/lib/thumb/v6-m/nofp/libg.a(lib_a-atexit.o) (__register_exitproc)
/usr/lib/gcc/arm-none-eabi/12.2.1/../../../arm-none-eabi/lib/thumb/v6-m/nofp/libg.a(lib_a-freer.o)
                              /usr/lib/gcc/arm-none-eabi/12.2.1/../../../arm-none-eabi/lib/thumb/v6-m/nofp/libg.a(lib_a-malloc.o) (_free_r)
/usr/lib/gcc/arm-none-eabi/12.2.1/../../../arm-none-eabi/lib/thumb/v6-m/nofp/libg.a(lib_a-memmove.o)
                              /usr/lib/gcc/arm-none-eabi/12.2.1/../../../arm-none-eabi/lib/thumb/v6-m/nofp/libg.a(lib_a-reallocr.o) (memmove)
/usr/lib/gcc/arm-none-eabi/12.2.1/../../../arm-none-eabi/lib/thumb/v6-m/nofp/libg.a(lib_a-reent.o)
                              /usr/lib/gcc/arm-none-eabi/12.2.1/../../../arm-none-eabi/lib/thumb/v6-m/nofp/libg.a(lib_a-sbrkr.o) (errno)

Discarded input sections

 .text          0x00000000        0x0 /usr/lib/gcc/arm-none-eabi/12.2.1/thumb/v6-m/nofp/crti.o
 .data          0x00000000        0x0 /usr/lib/gcc/arm-none-eabi/12.2.1/thumb/v6-m/nofp/crti.o
 .bss           0x00000000        0x0 /usr/lib/gcc/arm-none-eabi/12.2.1/thumb/v6-m/nofp/crti.o
 .data          0x00000000        0x4 /usr/lib/gcc/arm-none-eabi/12.2.1/thumb/v6-m/nofp/crtbegin.o
 .rodata        0x00000000       0x24 /usr/lib/gcc/arm-none-eabi/12.2.1/thumb/v6-m/nofp/crtbegin.o
 .fini_array    0x00000000        0x4 /usr/lib/gcc/arm-none-eabi/12.2.1/thumb/v6-m/nofp/crtbegin.o
[...]
Memory Configuration

Name             Origin             Length             Attributes
FLASH            0x10000000         0x00200000         xr
RAM              0x20000000         0x00040000         xrw
SCRATCH_X        0x20040000         0x00001000         xrw
SCRATCH_Y        0x20041000         0x00001000         xrw
*default*        0x00000000         0xffffffff

Linker script and memory map

LOAD /usr/lib/gcc/arm-none-eabi/12.2.1/thumb/v6-m/nofp/crti.o
LOAD /usr/lib/gcc/arm-none-eabi/12.2.1/thumb/v6-m/nofp/crtbegin.o
LOAD /usr/lib/gcc/arm-none-eabi/12.2.1/../../../arm-none-eabi/lib/thumb/v6-m/nofp/crt0.o

.flash_begin    0x10000000        0x0
                0x10000000                        __flash_binary_start = .

.boot2          0x10000000      0x100
                0x10000000                        __boot2_start__ = .
 *(.boot2)
 .boot2         0x10000000      0x100 /tmp/ccLxBZCi.o
                0x10000100                        __boot2_end__ = .
                0x00000001                        ASSERT (((__boot2_end__ - __boot2_start__) == 0x100), ERROR: Pico second stage bootloader must be 256 bytes in size)

.text           0x10000100     0x4de8
                0x10000100                        __logical_binary_start = .
 *(.vectors)
 .vectors       0x10000100       0xd4 CMakeFiles/rfm69.dir/home/scott/Documents/pico/pico-sdk/src/rp2_common/pico_standard_link/crt0.S.obj
                0x10000100                __vectors
                0x10000100                __VECTOR_TABLE
                0x100001c0                isr_invalid
                0x100001c0                __default_isrs_start
                0x100001c2                isr_nmi
                0x100001c4                isr_hardfault
                0x100001c6                isr_svcall
                0x100001c8                isr_pendsv
                0x100001ca                isr_systick
                0x100001cc                isr_irq30
                0x100001cc                __unhandled_user_irq
                0x100001cc                isr_irq13
                0x100001cc                isr_irq27
                0x100001cc                isr_irq31
                0x100001cc                isr_irq5
                0x100001cc                isr_irq11
                0x100001cc                isr_irq23
                0x100001cc                isr_irq18
                0x100001cc                isr_irq28
                0x100001cc                isr_irq19
                0x100001cc                isr_irq0
                0x100001cc                isr_irq6
                0x100001cc                isr_irq22
                0x100001cc                isr_irq17
                0x100001cc                isr_irq14
                0x100001cc                isr_irq2
                0x100001cc                isr_irq10
                0x100001cc                isr_irq8
                0x100001cc                isr_irq24
                0x100001cc                isr_irq1
                0x100001cc                isr_irq7
                0x100001cc                isr_irq21
                0x100001cc                isr_irq20
                0x100001cc                isr_irq15
                0x100001cc                isr_irq25
                0x100001cc                isr_irq4
                0x100001cc                isr_irq16
                0x100001cc                isr_irq29
                0x100001cc                isr_irq26
                0x100001cc                __default_isrs_end
                0x100001cc                isr_irq3
                0x100001cc                isr_irq12
                0x100001cc                isr_irq9
                0x100001d2                unhandled_user_irq_num_in_r0
 *(.binary_info_header)
 .binary_info_header
                0x100001d4       0x14 CMakeFiles/rfm69.dir/home/scott/Documents/pico/pico-sdk/src/rp2_common/pico_standard_link/crt0.S.obj
                0x100001e8                        __binary_info_header_end = .
 *(.reset)
 .reset         0x100001e8       0xa0 CMakeFiles/rfm69.dir/home/scott/Documents/pico/pico-sdk/src/rp2_common/pico_standard_link/crt0.S.obj
                0x100001e8                _entry_point
 .reset         0x10000288       0x24 CMakeFiles/rfm69.dir/home/scott/Documents/pico/pico-sdk/src/rp2_common/pico_standard_link/binary_info.c.obj
 *(.init)
 .init          0x100002ac        0x4 /usr/lib/gcc/arm-none-eabi/12.2.1/thumb/v6-m/nofp/crti.o
                0x100002ac                _init
 *(EXCLUDE_FILE(*libm.a: *libc.a:*lib_a-mem*.o *libgcc.a:) .text*)
 .text          0x100002b0       0x98 /usr/lib/gcc/arm-none-eabi/12.2.1/thumb/v6-m/nofp/crtbegin.o
 .text.interupt_handler
                0x10000348       0x44 CMakeFiles/rfm69.dir/src/main.c.obj
                0x10000348                interupt_handler
 .text.main     0x1000038c       0xa8 CMakeFiles/rfm69.dir/src/main.c.obj
                0x1000038c                main
 .text.cs_select
                0x10000434       0x1a CMakeFiles/rfm69.dir/src/rfm69.c.obj
 .text.cs_deselect
                0x1000044e       0x1a CMakeFiles/rfm69.dir/src/rfm69.c.obj
 .text.write_register
                0x10000468       0x36 CMakeFiles/rfm69.dir/src/rfm69.c.obj
                0x10000468                write_register
 .text.read_register
                0x1000049e       0x48 CMakeFiles/rfm69.dir/src/rfm69.c.obj
                0x1000049e                read_register
 .text.burst_write
                0x100004e6       0x52 CMakeFiles/rfm69.dir/src/rfm69.c.obj
                0x100004e6                burst_write
 .text.rfm69_reset
                0x10000538       0x26 CMakeFiles/rfm69.dir/src/rfm69.c.obj
                0x10000538                rfm69_reset
 .text.rfm69_set_mode
                0x1000055e       0x40 CMakeFiles/rfm69.dir/src/rfm69.c.obj
                0x1000055e                rfm69_set_mode
 .text.rfm69_set_default_fifo_threshold
                0x1000059e        0xc CMakeFiles/rfm69.dir/src/rfm69.c.obj
                0x1000059e                rfm69_set_default_fifo_threshold
 .text.set_sync_word
                0x100005aa       0x26 CMakeFiles/rfm69.dir/src/rfm69.c.obj
                0x100005aa                set_sync_word
 .text.set_modem_registers
                0x100005d0       0x40 CMakeFiles/rfm69.dir/src/rfm69.c.obj
                0x100005d0                set_modem_registers
 .text.set_modem_config
                0x10000610       0x24 CMakeFiles/rfm69.dir/src/rfm69.c.obj
                0x10000610                set_modem_config
 .text.rfm69_set_preamble_length
                0x10000634       0x20 CMakeFiles/rfm69.dir/src/rfm69.c.obj
                0x10000634                rfm69_set_preamble_length
 .text.rfm69_set_frequency
                0x10000654       0x58 CMakeFiles/rfm69.dir/src/rfm69.c.obj
                0x10000654                rfm69_set_frequency
 .text.rfm69_set_tx_power
                0x100006ac       0x54 CMakeFiles/rfm69.dir/src/rfm69.c.obj
                0x100006ac                rfm69_set_tx_power
 .text.rfm69_init
                0x10000700       0x90 CMakeFiles/rfm69.dir/src/rfm69.c.obj
                0x10000700                rfm69_init
 .text.rfm69_send
                0x10000790       0x40 CMakeFiles/rfm69.dir/src/rfm69.c.obj
                0x10000790                rfm69_send
 .text.rfm69_dump_registers
                0x100007d0       0x7c CMakeFiles/rfm69.dir/src/rfm69.c.obj
                0x100007d0                rfm69_dump_registers
 .text.gpio_set_function
                0x1000084c       0x30 CMakeFiles/rfm69.dir/home/scott/Documents/pico/pico-sdk/src/rp2_common/hardware_gpio/gpio.c.obj
                0x1000084c                gpio_set_function
 .text.gpio_set_irq_callback
                0x1000087c       0x48 CMakeFiles/rfm69.dir/home/scott/Documents/pico/pico-sdk/src/rp2_common/hardware_gpio/gpio.c.obj
                0x1000087c                gpio_set_irq_callback
 .text.gpio_acknowledge_irq
                0x100008c4       0x18 CMakeFiles/rfm69.dir/home/scott/Documents/pico/pico-sdk/src/rp2_common/hardware_gpio/gpio.c.obj
                0x100008c4                gpio_acknowledge_irq
 .text._gpio_set_irq_enabled
                0x100008dc       0x34 CMakeFiles/rfm69.dir/home/scott/Documents/pico/pico-sdk/src/rp2_common/hardware_gpio/gpio.c.obj
 .text.gpio_set_irq_enabled
                0x10000910       0x20 CMakeFiles/rfm69.dir/home/scott/Documents/pico/pico-sdk/src/rp2_common/hardware_gpio/gpio.c.obj
                0x10000910                gpio_set_irq_enabled
 .text.gpio_set_irq_enabled_with_callback
                0x10000930       0x20 CMakeFiles/rfm69.dir/home/scott/Documents/pico/pico-sdk/src/rp2_common/hardware_gpio/gpio.c.obj
                0x10000930                gpio_set_irq_enabled_with_callback
 .text.gpio_default_irq_handler
                0x10000950       0x98 CMakeFiles/rfm69.dir/home/scott/Documents/pico/pico-sdk/src/rp2_common/hardware_gpio/gpio.c.obj
 .text.gpio_init
                0x100009e8       0x16 CMakeFiles/rfm69.dir/home/scott/Documents/pico/pico-sdk/src/rp2_common/hardware_gpio/gpio.c.obj
                0x100009e8                gpio_init
 *fill*         0x100009fe        0x2 
 .text.running_on_fpga
                0x10000a00       0x14 CMakeFiles/rfm69.dir/home/scott/Documents/pico/pico-sdk/src/rp2_common/pico_platform/platform.c.obj
                0x10000a00                running_on_fpga
 .text.hw_claim_lock
                0x10000a14       0x18 CMakeFiles/rfm69.dir/home/scott/Documents/pico/pico-sdk/src/rp2_common/hardware_claim/claim.c.obj
                0x10000a14                hw_claim_lock
 .text.hw_claim_unlock
                0x10000a2c       0x14 CMakeFiles/rfm69.dir/home/scott/Documents/pico/pico-sdk/src/rp2_common/hardware_claim/claim.c.obj
                0x10000a2c                hw_claim_unlock
 .text.hw_claim_or_assert
                0x10000a40       0x32 CMakeFiles/rfm69.dir/home/scott/Documents/pico/pico-sdk/src/rp2_common/hardware_claim/claim.c.obj
                0x10000a40                hw_claim_or_assert
 *fill*         0x10000a72        0x2 
 .text.spin_locks_reset
                0x10000a74       0x20 CMakeFiles/rfm69.dir/home/scott/Documents/pico/pico-sdk/src/rp2_common/hardware_sync/sync.c.obj
                0x10000a74                spin_locks_reset
 .text.next_striped_spin_lock_num
                0x10000a94       0x1c CMakeFiles/rfm69.dir/home/scott/Documents/pico/pico-sdk/src/rp2_common/hardware_sync/sync.c.obj
                0x10000a94                next_striped_spin_lock_num
 .text.set_raw_irq_handler_and_unlock
                0x10000ab0       0x28 CMakeFiles/rfm69.dir/home/scott/Documents/pico/pico-sdk/src/rp2_common/hardware_irq/irq.c.obj
 .text.resolve_branch
                0x10000ad8       0x30 CMakeFiles/rfm69.dir/home/scott/Documents/pico/pico-sdk/src/rp2_common/hardware_irq/irq.c.obj
 .text.make_branch
                0x10000b08       0x48 CMakeFiles/rfm69.dir/home/scott/Documents/pico/pico-sdk/src/rp2_common/hardware_irq/irq.c.obj
 .text.insert_branch_and_link
                0x10000b50       0x40 CMakeFiles/rfm69.dir/home/scott/Documents/pico/pico-sdk/src/rp2_common/hardware_irq/irq.c.obj
 .text.irq_is_enabled
                0x10000b90       0x18 CMakeFiles/rfm69.dir/home/scott/Documents/pico/pico-sdk/src/rp2_common/hardware_irq/irq.c.obj
                0x10000b90                irq_is_enabled
 .text.irq_set_mask_enabled
                0x10000ba8       0x20 CMakeFiles/rfm69.dir/home/scott/Documents/pico/pico-sdk/src/rp2_common/hardware_irq/irq.c.obj
                0x10000ba8                irq_set_mask_enabled
 .text.irq_set_enabled
                0x10000bc8        0xe CMakeFiles/rfm69.dir/home/scott/Documents/pico/pico-sdk/src/rp2_common/hardware_irq/irq.c.obj
                0x10000bc8                irq_set_enabled
 *fill*         0x10000bd6        0x2 
 .text.irq_get_vtable_handler
                0x10000bd8       0x10 CMakeFiles/rfm69.dir/home/scott/Documents/pico/pico-sdk/src/rp2_common/hardware_irq/irq.c.obj
                0x10000bd8                irq_get_vtable_handler
 .text.irq_set_exclusive_handler
                0x10000be8       0x54 CMakeFiles/rfm69.dir/home/scott/Documents/pico/pico-sdk/src/rp2_common/hardware_irq/irq.c.obj
                0x10000be8                irq_set_exclusive_handler
 .text.irq_add_shared_handler
                0x10000c3c      0x210 CMakeFiles/rfm69.dir/home/scott/Documents/pico/pico-sdk/src/rp2_common/hardware_irq/irq.c.obj
                0x10000c3c                irq_add_shared_handler
 .text.irq_remove_handler
                0x10000e4c      0x188 CMakeFiles/rfm69.dir/home/scott/Documents/pico/pico-sdk/src/rp2_common/hardware_irq/irq.c.obj
                0x10000e4c                irq_remove_handler
 .text.irq_add_tail_to_free_list
                0x10000fd4       0xf0 CMakeFiles/rfm69.dir/home/scott/Documents/pico/pico-sdk/src/rp2_common/hardware_irq/irq.c.obj
                0x10000fd4                irq_add_tail_to_free_list
 .text.irq_init_priorities
                0x100010c4       0x1c CMakeFiles/rfm69.dir/home/scott/Documents/pico/pico-sdk/src/rp2_common/hardware_irq/irq.c.obj
                0x100010c4                irq_init_priorities
 .text.lock_init
                0x100010e0       0x10 CMakeFiles/rfm69.dir/home/scott/Documents/pico/pico-sdk/src/common/pico_sync/lock_core.c.obj
                0x100010e0                lock_init
 .text.mutex_init
                0x100010f0       0x1a CMakeFiles/rfm69.dir/home/scott/Documents/pico/pico-sdk/src/common/pico_sync/mutex.c.obj
                0x100010f0                mutex_init
 .text.recursive_mutex_init
                0x1000110a       0x1e CMakeFiles/rfm69.dir/home/scott/Documents/pico/pico-sdk/src/common/pico_sync/mutex.c.obj
                0x1000110a                recursive_mutex_init
 .text.time_reached
                0x10001128       0x28 CMakeFiles/rfm69.dir/home/scott/Documents/pico/pico-sdk/src/common/pico_time/time.c.obj
 .text.get_entry
                0x10001150       0x38 CMakeFiles/rfm69.dir/home/scott/Documents/pico/pico-sdk/src/common/pico_time/time.c.obj
 .text.timer_pool_entry_comparator
                0x10001188       0x2e CMakeFiles/rfm69.dir/home/scott/Documents/pico/pico-sdk/src/common/pico_time/time.c.obj
                0x10001188                timer_pool_entry_comparator
 *fill*         0x100011b6        0x2 
 .text.update_us_since_boot
                0x100011b8       0x24 CMakeFiles/rfm69.dir/home/scott/Documents/pico/pico-sdk/src/common/pico_time/time.c.obj
 .text.delayed_by_us
                0x100011dc       0x34 CMakeFiles/rfm69.dir/home/scott/Documents/pico/pico-sdk/src/common/pico_time/time.c.obj
 .text.ph_get_node
                0x10001210       0x30 CMakeFiles/rfm69.dir/home/scott/Documents/pico/pico-sdk/src/common/pico_time/time.c.obj
 .text.ph_contains_node
                0x10001240       0x1e CMakeFiles/rfm69.dir/home/scott/Documents/pico/pico-sdk/src/common/pico_time/time.c.obj
 .text.ph_new_node
                0x1000125e       0x28 CMakeFiles/rfm69.dir/home/scott/Documents/pico/pico-sdk/src/common/pico_time/time.c.obj
 *fill*         0x10001286        0x2 
 .text.ph_add_child_node
                0x10001288       0x6c CMakeFiles/rfm69.dir/home/scott/Documents/pico/pico-sdk/src/common/pico_time/time.c.obj
 .text.ph_merge_nodes
                0x100012f4       0x3e CMakeFiles/rfm69.dir/home/scott/Documents/pico/pico-sdk/src/common/pico_time/time.c.obj
 *fill*         0x10001332        0x2 
 .text.ph_insert_node
                0x10001334       0x3c CMakeFiles/rfm69.dir/home/scott/Documents/pico/pico-sdk/src/common/pico_time/time.c.obj
 .text.ph_free_node
                0x10001370       0x5c CMakeFiles/rfm69.dir/home/scott/Documents/pico/pico-sdk/src/common/pico_time/time.c.obj
 .text.get_entry_id_high
                0x100013cc       0x30 CMakeFiles/rfm69.dir/home/scott/Documents/pico/pico-sdk/src/common/pico_time/time.c.obj
 .text.alarm_pool_post_alloc_init
                0x100013fc       0x40 CMakeFiles/rfm69.dir/home/scott/Documents/pico/pico-sdk/src/common/pico_time/time.c.obj
 .text.sleep_until_callback
                0x1000143c       0x30 CMakeFiles/rfm69.dir/home/scott/Documents/pico/pico-sdk/src/common/pico_time/time.c.obj
 .text.get_absolute_time
                0x1000146c       0x22 CMakeFiles/rfm69.dir/home/scott/Documents/pico/pico-sdk/src/common/pico_time/time.c.obj
 .text.make_timeout_time_us
                0x1000148e       0x24 CMakeFiles/rfm69.dir/home/scott/Documents/pico/pico-sdk/src/common/pico_time/time.c.obj
 *fill*         0x100014b2        0x2 
 .text.add_alarm_under_lock
                0x100014b4       0x94 CMakeFiles/rfm69.dir/home/scott/Documents/pico/pico-sdk/src/common/pico_time/time.c.obj
 .text.alarm_pool_alarm_callback
                0x10001548      0x210 CMakeFiles/rfm69.dir/home/scott/Documents/pico/pico-sdk/src/common/pico_time/time.c.obj
 .text.alarm_pool_init_default
                0x10001758       0x40 CMakeFiles/rfm69.dir/home/scott/Documents/pico/pico-sdk/src/common/pico_time/time.c.obj
                0x10001758                alarm_pool_init_default
 .text.alarm_pool_get_default
                0x10001798       0x2c CMakeFiles/rfm69.dir/home/scott/Documents/pico/pico-sdk/src/common/pico_time/time.c.obj
                0x10001798                alarm_pool_get_default
 .text.alarm_pool_add_alarm_at
                0x100017c4      0x10e CMakeFiles/rfm69.dir/home/scott/Documents/pico/pico-sdk/src/common/pico_time/time.c.obj
                0x100017c4                alarm_pool_add_alarm_at
 .text.add_alarm_at
                0x100018d2       0x2e CMakeFiles/rfm69.dir/home/scott/Documents/pico/pico-sdk/src/common/pico_time/time.c.obj
 .text.alarm_pool_cancel_alarm
                0x10001900       0xa8 CMakeFiles/rfm69.dir/home/scott/Documents/pico/pico-sdk/src/common/pico_time/time.c.obj
                0x10001900                alarm_pool_cancel_alarm
 .text.cancel_alarm
                0x100019a8       0x10 CMakeFiles/rfm69.dir/home/scott/Documents/pico/pico-sdk/src/common/pico_time/time.c.obj
 .text.sleep_until
                0x100019b8       0xb0 CMakeFiles/rfm69.dir/home/scott/Documents/pico/pico-sdk/src/common/pico_time/time.c.obj
                0x100019b8                sleep_until
 .text.sleep_us
                0x10001a68       0x1a CMakeFiles/rfm69.dir/home/scott/Documents/pico/pico-sdk/src/common/pico_time/time.c.obj
                0x10001a68                sleep_us
 .text.sleep_ms
                0x10001a82       0x14 CMakeFiles/rfm69.dir/home/scott/Documents/pico/pico-sdk/src/common/pico_time/time.c.obj
                0x10001a82                sleep_ms
 *fill*         0x10001a96        0x2 
 .text.best_effort_wfe_or_timeout
                0x10001a98       0x44 CMakeFiles/rfm69.dir/home/scott/Documents/pico/pico-sdk/src/common/pico_time/time.c.obj
                0x10001a98                best_effort_wfe_or_timeout
 .text.update_us_since_boot
                0x10001adc       0x24 CMakeFiles/rfm69.dir/home/scott/Documents/pico/pico-sdk/src/rp2_common/hardware_timer/timer.c.obj
 .text.hardware_alarm_irq_handler
                0x10001b00       0x8c CMakeFiles/rfm69.dir/home/scott/Documents/pico/pico-sdk/src/rp2_common/hardware_timer/timer.c.obj
 .text.hardware_alarm_claim
                0x10001b8c       0x18 CMakeFiles/rfm69.dir/home/scott/Documents/pico/pico-sdk/src/rp2_common/hardware_timer/timer.c.obj
                0x10001b8c                hardware_alarm_claim
 .text.time_us_64
                0x10001ba4       0x18 CMakeFiles/rfm69.dir/home/scott/Documents/pico/pico-sdk/src/rp2_common/hardware_timer/timer.c.obj
                0x10001ba4                time_us_64
 .text.busy_wait_until
                0x10001bbc       0x28 CMakeFiles/rfm69.dir/home/scott/Documents/pico/pico-sdk/src/rp2_common/hardware_timer/timer.c.obj
                0x10001bbc                busy_wait_until
 .text.busy_wait_us
                0x10001be4       0x3a CMakeFiles/rfm69.dir/home/scott/Documents/pico/pico-sdk/src/rp2_common/hardware_timer/timer.c.obj
                0x10001be4                busy_wait_us
 *fill*         0x10001c1e        0x2 
 .text.hardware_alarm_set_callback
                0x10001c20       0x90 CMakeFiles/rfm69.dir/home/scott/Documents/pico/pico-sdk/src/rp2_common/hardware_timer/timer.c.obj
                0x10001c20                hardware_alarm_set_callback
 .text.hardware_alarm_set_target
                0x10001cb0       0xe8 CMakeFiles/rfm69.dir/home/scott/Documents/pico/pico-sdk/src/rp2_common/hardware_timer/timer.c.obj
                0x10001cb0                hardware_alarm_set_target
 .text.hardware_alarm_cancel
                0x10001d98       0x40 CMakeFiles/rfm69.dir/home/scott/Documents/pico/pico-sdk/src/rp2_common/hardware_timer/timer.c.obj
                0x10001d98                hardware_alarm_cancel
 .text.ph_get_node
                0x10001dd8       0x30 CMakeFiles/rfm69.dir/home/scott/Documents/pico/pico-sdk/src/common/pico_util/pheap.c.obj
 .text.ph_add_child_node
                0x10001e08       0x6c CMakeFiles/rfm69.dir/home/scott/Documents/pico/pico-sdk/src/common/pico_util/pheap.c.obj
 .text.ph_merge_nodes
                0x10001e74       0x3e CMakeFiles/rfm69.dir/home/scott/Documents/pico/pico-sdk/src/common/pico_util/pheap.c.obj
 .text.ph_clear
                0x10001eb2       0x34 CMakeFiles/rfm69.dir/home/scott/Documents/pico/pico-sdk/src/common/pico_util/pheap.c.obj
                0x10001eb2                ph_clear
 .text.ph_post_alloc_init
                0x10001ee6        0xe CMakeFiles/rfm69.dir/home/scott/Documents/pico/pico-sdk/src/common/pico_util/pheap.c.obj
                0x10001ee6                ph_post_alloc_init
 .text.ph_merge_two_pass
                0x10001ef4       0x5c CMakeFiles/rfm69.dir/home/scott/Documents/pico/pico-sdk/src/common/pico_util/pheap.c.obj
                0x10001ef4                ph_merge_two_pass
 .text.ph_remove_any_head
                0x10001f50       0xc0 CMakeFiles/rfm69.dir/home/scott/Documents/pico/pico-sdk/src/common/pico_util/pheap.c.obj
 .text.ph_remove_head
                0x10002010       0x14 CMakeFiles/rfm69.dir/home/scott/Documents/pico/pico-sdk/src/common/pico_util/pheap.c.obj
                0x10002010                ph_remove_head
 .text.ph_remove_and_free_node
                0x10002024       0xa0 CMakeFiles/rfm69.dir/home/scott/Documents/pico/pico-sdk/src/common/pico_util/pheap.c.obj
                0x10002024                ph_remove_and_free_node
 .text.uart_disable_before_lcr_write
                0x100020c4       0x48 CMakeFiles/rfm69.dir/home/scott/Documents/pico/pico-sdk/src/rp2_common/hardware_uart/uart.c.obj
 .text.uart_write_lcr_bits_masked
                0x1000210c       0x22 CMakeFiles/rfm69.dir/home/scott/Documents/pico/pico-sdk/src/rp2_common/hardware_uart/uart.c.obj
 *fill*         0x1000212e        0x2 
 .text.uart_set_baudrate
                0x10002130       0x5c CMakeFiles/rfm69.dir/home/scott/Documents/pico/pico-sdk/src/rp2_common/hardware_uart/uart.c.obj
                0x10002130                uart_set_baudrate
 .text.uart_set_format
                0x1000218c       0x2c CMakeFiles/rfm69.dir/home/scott/Documents/pico/pico-sdk/src/rp2_common/hardware_uart/uart.c.obj
                0x1000218c                uart_set_format
 .text.uart_set_translate_crlf
                0x100021b8       0x28 CMakeFiles/rfm69.dir/home/scott/Documents/pico/pico-sdk/src/rp2_common/hardware_uart/uart.c.obj
                0x100021b8                uart_set_translate_crlf
 .text.uart_init
                0x100021e0       0x80 CMakeFiles/rfm69.dir/home/scott/Documents/pico/pico-sdk/src/rp2_common/hardware_uart/uart.c.obj
                0x100021e0                uart_init
 .text.clock_configure
                0x10002260      0x108 CMakeFiles/rfm69.dir/home/scott/Documents/pico/pico-sdk/src/rp2_common/hardware_clocks/clocks.c.obj
                0x10002260                clock_configure
 .text.clocks_init
                0x10002368      0x100 CMakeFiles/rfm69.dir/home/scott/Documents/pico/pico-sdk/src/rp2_common/hardware_clocks/clocks.c.obj
                0x10002368                clocks_init
 .text.clock_get_hz
                0x10002468        0xc CMakeFiles/rfm69.dir/home/scott/Documents/pico/pico-sdk/src/rp2_common/hardware_clocks/clocks.c.obj
                0x10002468                clock_get_hz
 .text.pll_init
                0x10002474      0x120 CMakeFiles/rfm69.dir/home/scott/Documents/pico/pico-sdk/src/rp2_common/hardware_pll/pll.c.obj
                0x10002474                pll_init
 .text.watchdog_start_tick
                0x10002594       0x10 CMakeFiles/rfm69.dir/home/scott/Documents/pico/pico-sdk/src/rp2_common/hardware_watchdog/watchdog.c.obj
                0x10002594                watchdog_start_tick
 .text.xosc_init
                0x100025a4       0x28 CMakeFiles/rfm69.dir/home/scott/Documents/pico/pico-sdk/src/rp2_common/hardware_xosc/xosc.c.obj
                0x100025a4                xosc_init
 .text._exit    0x100025cc        0x4 CMakeFiles/rfm69.dir/home/scott/Documents/pico/pico-sdk/src/rp2_common/pico_runtime/runtime.c.obj
                0x100025cc                _exit
 .text.exit     0x100025d0        0x6 CMakeFiles/rfm69.dir/home/scott/Documents/pico/pico-sdk/src/rp2_common/pico_runtime/runtime.c.obj
                0x100025d0                exit
 *fill*         0x100025d6        0x2 
 .text.__assert_func
                0x100025d8       0x38 CMakeFiles/rfm69.dir/home/scott/Documents/pico/pico-sdk/src/rp2_common/pico_runtime/runtime.c.obj
                0x100025d8                __assert_func
 .text.runtime_init
                0x10002610       0xf8 CMakeFiles/rfm69.dir/home/scott/Documents/pico/pico-sdk/src/rp2_common/pico_runtime/runtime.c.obj
                0x10002610                runtime_init
 .text.panic    0x10002708       0x30 CMakeFiles/rfm69.dir/home/scott/Documents/pico/pico-sdk/src/rp2_common/pico_runtime/runtime.c.obj
                0x10002708                panic
 .text._out_null
                0x10002738        0x2 CMakeFiles/rfm69.dir/home/scott/Documents/pico/pico-sdk/src/rp2_common/pico_printf/printf.c.obj
 .text._out_fct
                0x1000273a        0xe CMakeFiles/rfm69.dir/home/scott/Documents/pico/pico-sdk/src/rp2_common/pico_printf/printf.c.obj
 .text._atoi    0x10002748       0x24 CMakeFiles/rfm69.dir/home/scott/Documents/pico/pico-sdk/src/rp2_common/pico_printf/printf.c.obj
 .text._out_rev
                0x1000276c       0xae CMakeFiles/rfm69.dir/home/scott/Documents/pico/pico-sdk/src/rp2_common/pico_printf/printf.c.obj
 .text._ntoa_format
                0x1000281a      0x110 CMakeFiles/rfm69.dir/home/scott/Documents/pico/pico-sdk/src/rp2_common/pico_printf/printf.c.obj
 .text._ntoa_long
                0x1000292a       0xbc CMakeFiles/rfm69.dir/home/scott/Documents/pico/pico-sdk/src/rp2_common/pico_printf/printf.c.obj
 .text._ntoa_long_long
                0x100029e6      0x10e CMakeFiles/rfm69.dir/home/scott/Documents/pico/pico-sdk/src/rp2_common/pico_printf/printf.c.obj
 .text._etoa    0x10002af4      0x420 CMakeFiles/rfm69.dir/home/scott/Documents/pico/pico-sdk/src/rp2_common/pico_printf/printf.c.obj
 .text._ftoa    0x10002f14      0x354 CMakeFiles/rfm69.dir/home/scott/Documents/pico/pico-sdk/src/rp2_common/pico_printf/printf.c.obj
 .text._vsnprintf
                0x10003268      0x65c CMakeFiles/rfm69.dir/home/scott/Documents/pico/pico-sdk/src/rp2_common/pico_printf/printf.c.obj
 .text.vfctprintf
                0x100038c4       0x20 CMakeFiles/rfm69.dir/home/scott/Documents/pico/pico-sdk/src/rp2_common/pico_printf/printf.c.obj
                0x100038c4                vfctprintf
 .text          0x100038e4       0x10 CMakeFiles/rfm69.dir/home/scott/Documents/pico/pico-sdk/src/rp2_common/pico_bit_ops/bit_ops_aeabi.S.obj
 .text.rom_func_lookup
                0x100038f4       0x10 CMakeFiles/rfm69.dir/home/scott/Documents/pico/pico-sdk/src/rp2_common/pico_bootrom/bootrom.c.obj
                0x100038f4                rom_func_lookup
 .text.rom_data_lookup
                0x10003904       0x10 CMakeFiles/rfm69.dir/home/scott/Documents/pico/pico-sdk/src/rp2_common/pico_bootrom/bootrom.c.obj
                0x10003904                rom_data_lookup
 .text.rom_funcs_lookup
                0x10003914       0x36 CMakeFiles/rfm69.dir/home/scott/Documents/pico/pico-sdk/src/rp2_common/pico_bootrom/bootrom.c.obj
                0x10003914                rom_funcs_lookup
 *fill*         0x1000394a        0x2 
 .text.__wrap___aeabi_idiv
                0x1000394c       0x50 CMakeFiles/rfm69.dir/home/scott/Documents/pico/pico-sdk/src/rp2_common/pico_divider/divider.S.obj
                0x1000394c                __wrap___aeabi_idivmod
                0x1000394c                divmod_s32s32
                0x1000394c                div_s32s32
                0x1000394c                __wrap___aeabi_idiv
                0x10003954                divmod_s32s32_unsafe
                0x10003980                divmod_s32s32_savestate
 .text.__wrap___aeabi_uidiv
                0x1000399c       0x4c CMakeFiles/rfm69.dir/home/scott/Documents/pico/pico-sdk/src/rp2_common/pico_divider/divider.S.obj
                0x1000399c                __wrap___aeabi_uidiv
                0x1000399c                __wrap___aeabi_uidivmod
                0x1000399c                div_u32u32
                0x1000399c                divmod_u32u32
                0x100039a4                divmod_u32u32_unsafe
                0x100039cc                divmod_u32u32_savestate
 .text.__wrap___aeabi_ldiv
                0x100039e8      0x424 CMakeFiles/rfm69.dir/home/scott/Documents/pico/pico-sdk/src/rp2_common/pico_divider/divider.S.obj
                0x100039e8                div_s64s64
                0x100039e8                divmod_s64s64
                0x100039e8                __wrap___aeabi_ldivmod
                0x10003a18                div_u64u64
                0x10003a18                divmod_u64u64
                0x10003a18                __wrap___aeabi_uldivmod
                0x10003a28                divmod_u64u64_savestate
                0x10003a48                divmod_s64s64_unsafe
                0x10003ad0                divmod_u64u64_unsafe
 .text.__wrap___aeabi_darithmetic
                0x10003e0c       0x80 CMakeFiles/rfm69.dir/home/scott/Documents/pico/pico-sdk/src/rp2_common/pico_double/double_aeabi.S.obj
                0x10003e0c                __wrap___aeabi_drsub
                0x10003e12                __wrap___aeabi_dsub
                0x10003e24                __wrap___aeabi_dadd
                0x10003e36                __wrap___aeabi_ddiv
                0x10003e72                __wrap___aeabi_dmul
 .text.__wrap___aeabi_cdcmple
                0x10003e8c       0x6c CMakeFiles/rfm69.dir/home/scott/Documents/pico/pico-sdk/src/rp2_common/pico_double/double_aeabi.S.obj
                0x10003e8c                __wrap___aeabi_cdrcmple
                0x10003e9c                __wrap___aeabi_cdcmple
                0x10003e9c                __wrap___aeabi_cdcmpeq
 .text.__wrap___aeabi_dcmplt
                0x10003ef8        0xc CMakeFiles/rfm69.dir/home/scott/Documents/pico/pico-sdk/src/rp2_common/pico_double/double_aeabi.S.obj
                0x10003ef8                __wrap___aeabi_dcmplt
 .text.__wrap___aeabi_dcmple
                0x10003f04       0x10 CMakeFiles/rfm69.dir/home/scott/Documents/pico/pico-sdk/src/rp2_common/pico_double/double_aeabi.S.obj
                0x10003f04                __wrap___aeabi_dcmple
 .text.__wrap___aeabi_dcmpge
                0x10003f14       0x10 CMakeFiles/rfm69.dir/home/scott/Documents/pico/pico-sdk/src/rp2_common/pico_double/double_aeabi.S.obj
                0x10003f14                __wrap___aeabi_dcmpge
 .text.__wrap___aeabi_dcmpgt
                0x10003f24        0xa CMakeFiles/rfm69.dir/home/scott/Documents/pico/pico-sdk/src/rp2_common/pico_double/double_aeabi.S.obj
                0x10003f24                __wrap___aeabi_dcmpgt
 .text.__wrap___aeabi_dcmpun
                0x10003f2e       0x1c CMakeFiles/rfm69.dir/home/scott/Documents/pico/pico-sdk/src/rp2_common/pico_double/double_aeabi.S.obj
                0x10003f2e                __wrap___aeabi_dcmpun
 *fill*         0x10003f4a        0x2 
 .text.__wrap___aeabi_i2d
                0x10003f4c       0x38 CMakeFiles/rfm69.dir/home/scott/Documents/pico/pico-sdk/src/rp2_common/pico_double/double_aeabi.S.obj
                0x10003f4c                __wrap___aeabi_ui2d
                0x10003f54                __wrap___aeabi_i2d
 .text.__wrap___aeabi_d2iz
                0x10003f84       0x48 CMakeFiles/rfm69.dir/home/scott/Documents/pico/pico-sdk/src/rp2_common/pico_double/double_aeabi.S.obj
                0x10003f84                __wrap___aeabi_d2iz
                0x10003f84                double2int_z
 .text.__wrap___aeabi_d2uiz
                0x10003fcc       0x18 CMakeFiles/rfm69.dir/home/scott/Documents/pico/pico-sdk/src/rp2_common/pico_double/double_aeabi.S.obj
                0x10003fcc                double2uint
                0x10003fcc                __wrap___aeabi_d2uiz
 .text.__aeabi_double_init
                0x10003fe4       0xcc CMakeFiles/rfm69.dir/home/scott/Documents/pico/pico-sdk/src/rp2_common/pico_double/double_init_rom.c.obj
                0x10003fe4                __aeabi_double_init
 .text.double_table_shim_on_use_helper
                0x100040b0       0x34 CMakeFiles/rfm69.dir/home/scott/Documents/pico/pico-sdk/src/rp2_common/pico_double/double_v1_rom_shim.S.obj
                0x100040b0                double_table_shim_on_use_helper
 .text.__wrap___aeabi_dsub
                0x100040e4       0x10 CMakeFiles/rfm69.dir/home/scott/Documents/pico/pico-sdk/src/rp2_common/pico_double/double_v1_rom_shim.S.obj
                0x100040e4                drsub_shim
                0x100040ea                dsub_shim
 .text.dadd_shim
                0x100040f4      0x15c CMakeFiles/rfm69.dir/home/scott/Documents/pico/pico-sdk/src/rp2_common/pico_double/double_v1_rom_shim.S.obj
                0x100040f4                dadd_shim
 .text.dmul_shim
                0x10004250      0x15c CMakeFiles/rfm69.dir/home/scott/Documents/pico/pico-sdk/src/rp2_common/pico_double/double_v1_rom_shim.S.obj
                0x10004250                dmul_shim
 .text.ddiv_shim
                0x100043ac      0x1b0 CMakeFiles/rfm69.dir/home/scott/Documents/pico/pico-sdk/src/rp2_common/pico_double/double_v1_rom_shim.S.obj
                0x100043ac                ddiv_shim
 .text.double2uint_shim
                0x1000455c        0xe CMakeFiles/rfm69.dir/home/scott/Documents/pico/pico-sdk/src/rp2_common/pico_double/double_v1_rom_shim.S.obj
                0x1000455c                double2uint_shim
                0x1000455e                double2ufix_shim
 *fill*         0x1000456a        0x2 
 .text.double2uint64_shim
                0x1000456c       0x70 CMakeFiles/rfm69.dir/home/scott/Documents/pico/pico-sdk/src/rp2_common/pico_double/double_v1_rom_shim.S.obj
                0x1000456c                double2uint64_shim
                0x1000456e                double2ufix64_shim
                0x1000458e                d2fix_a
 .text.dunpacks
                0x100045dc       0x3c CMakeFiles/rfm69.dir/home/scott/Documents/pico/pico-sdk/src/rp2_common/pico_double/double_v1_rom_shim.S.obj
                0x100045dc                dunpacks
 .text.__aeabi_lmul
                0x10004618       0x32 CMakeFiles/rfm69.dir/home/scott/Documents/pico/pico-sdk/src/rp2_common/pico_int64_ops/pico_int64_ops_aeabi.S.obj
                0x10004618                __wrap___aeabi_lmul
 *fill*         0x1000464a        0x2 
 .text.__aeabi_float_init
                0x1000464c       0xfc CMakeFiles/rfm69.dir/home/scott/Documents/pico/pico-sdk/src/rp2_common/pico_float/float_init_rom.c.obj
                0x1000464c                __aeabi_float_init
 .text.float_table_shim_on_use_helper
                0x10004748       0x34 CMakeFiles/rfm69.dir/home/scott/Documents/pico/pico-sdk/src/rp2_common/pico_float/float_v1_rom_shim.S.obj
                0x10004748                float_table_shim_on_use_helper
 .text          0x1000477c       0x10 CMakeFiles/rfm69.dir/home/scott/Documents/pico/pico-sdk/src/rp2_common/pico_mem_ops/mem_ops_aeabi.S.obj
                0x1000477c                __aeabi_mem_init
 .text.memcpy   0x1000478c        0xc CMakeFiles/rfm69.dir/home/scott/Documents/pico/pico-sdk/src/rp2_common/pico_mem_ops/mem_ops_aeabi.S.obj
                0x1000478c                __wrap___aeabi_memcpy
                0x1000478c                __wrap_memcpy
 .text.stdio_out_chars_no_crlf
                0x10004798        0xe CMakeFiles/rfm69.dir/home/scott/Documents/pico/pico-sdk/src/rp2_common/pico_stdio/stdio.c.obj
 *fill*         0x100047a6        0x2 
 .text.stdio_out_chars_crlf
                0x100047a8       0x80 CMakeFiles/rfm69.dir/home/scott/Documents/pico/pico-sdk/src/rp2_common/pico_stdio/stdio.c.obj
 .text.stdio_stack_buffer_flush
                0x10004828       0x44 CMakeFiles/rfm69.dir/home/scott/Documents/pico/pico-sdk/src/rp2_common/pico_stdio/stdio.c.obj
 .text.stdio_buffered_printer
                0x1000486c       0x20 CMakeFiles/rfm69.dir/home/scott/Documents/pico/pico-sdk/src/rp2_common/pico_stdio/stdio.c.obj
 .text.update_us_since_boot
                0x1000488c       0x24 CMakeFiles/rfm69.dir/home/scott/Documents/pico/pico-sdk/src/rp2_common/pico_stdio/stdio.c.obj
 .text.get_absolute_time
                0x100048b0       0x22 CMakeFiles/rfm69.dir/home/scott/Documents/pico/pico-sdk/src/rp2_common/pico_stdio/stdio.c.obj
 *fill*         0x100048d2        0x2 
 .text.delayed_by_ms
                0x100048d4       0x44 CMakeFiles/rfm69.dir/home/scott/Documents/pico/pico-sdk/src/rp2_common/pico_stdio/stdio.c.obj
 .text.make_timeout_time_ms
                0x10004918       0x20 CMakeFiles/rfm69.dir/home/scott/Documents/pico/pico-sdk/src/rp2_common/pico_stdio/stdio.c.obj
 .text.stdout_serialize_begin
                0x10004938       0x20 CMakeFiles/rfm69.dir/home/scott/Documents/pico/pico-sdk/src/rp2_common/pico_stdio/stdio.c.obj
                0x10004938                stdout_serialize_begin
 .text.stdout_serialize_end
                0x10004958       0x10 CMakeFiles/rfm69.dir/home/scott/Documents/pico/pico-sdk/src/rp2_common/pico_stdio/stdio.c.obj
                0x10004958                stdout_serialize_end
 .text.stdio_put_string
                0x10004968       0x98 CMakeFiles/rfm69.dir/home/scott/Documents/pico/pico-sdk/src/rp2_common/pico_stdio/stdio.c.obj
 .text.stdio_set_driver_enabled
                0x10004a00       0x2c CMakeFiles/rfm69.dir/home/scott/Documents/pico/pico-sdk/src/rp2_common/pico_stdio/stdio.c.obj
                0x10004a00                stdio_set_driver_enabled
 .text.stdio_flush
                0x10004a2c       0x20 CMakeFiles/rfm69.dir/home/scott/Documents/pico/pico-sdk/src/rp2_common/pico_stdio/stdio.c.obj
                0x10004a2c                stdio_flush
 .text.__wrap_puts
                0x10004a4c       0x1e CMakeFiles/rfm69.dir/home/scott/Documents/pico/pico-sdk/src/rp2_common/pico_stdio/stdio.c.obj
                0x10004a4c                __wrap_puts
 *fill*         0x10004a6a        0x2 
 .text.__wrap_vprintf
                0x10004a6c       0x40 CMakeFiles/rfm69.dir/home/scott/Documents/pico/pico-sdk/src/rp2_common/pico_stdio/stdio.c.obj
                0x10004a6c                __wrap_vprintf
 .text.__wrap_printf
                0x10004aac       0x18 CMakeFiles/rfm69.dir/home/scott/Documents/pico/pico-sdk/src/rp2_common/pico_stdio/stdio.c.obj
                0x10004aac                __wrap_printf
 .text.stdio_init_all
                0x10004ac4        0xa CMakeFiles/rfm69.dir/home/scott/Documents/pico/pico-sdk/src/rp2_common/pico_stdio/stdio.c.obj
                0x10004ac4                stdio_init_all
 *fill*         0x10004ace        0x2 
 .text.uart_putc
                0x10004ad0       0x60 CMakeFiles/rfm69.dir/home/scott/Documents/pico/pico-sdk/src/rp2_common/pico_stdio_uart/stdio_uart.c.obj
 .text.uart_getc
                0x10004b30       0x24 CMakeFiles/rfm69.dir/home/scott/Documents/pico/pico-sdk/src/rp2_common/pico_stdio_uart/stdio_uart.c.obj
 .text.stdio_uart_out_chars
                0x10004b54       0x20 CMakeFiles/rfm69.dir/home/scott/Documents/pico/pico-sdk/src/rp2_common/pico_stdio_uart/stdio_uart.c.obj
 .text.stdio_uart_in_chars
                0x10004b74       0x5c CMakeFiles/rfm69.dir/home/scott/Documents/pico/pico-sdk/src/rp2_common/pico_stdio_uart/stdio_uart.c.obj
                0x10004b74                stdio_uart_in_chars
 .text.on_uart_rx
                0x10004bd0       0x28 CMakeFiles/rfm69.dir/home/scott/Documents/pico/pico-sdk/src/rp2_common/pico_stdio_uart/stdio_uart.c.obj
 .text.stdio_uart_set_chars_available_callback
                0x10004bf8       0x8c CMakeFiles/rfm69.dir/home/scott/Documents/pico/pico-sdk/src/rp2_common/pico_stdio_uart/stdio_uart.c.obj
 .text.stdio_uart_init_full
                0x10004c84       0x44 CMakeFiles/rfm69.dir/home/scott/Documents/pico/pico-sdk/src/rp2_common/pico_stdio_uart/stdio_uart.c.obj
                0x10004c84                stdio_uart_init_full
 .text.stdio_uart_init
                0x10004cc8       0x28 CMakeFiles/rfm69.dir/home/scott/Documents/pico/pico-sdk/src/rp2_common/pico_stdio_uart/stdio_uart.c.obj
                0x10004cc8                stdio_uart_init
 .text.spi_set_baudrate
                0x10004cf0       0xc2 CMakeFiles/rfm69.dir/home/scott/Documents/pico/pico-sdk/src/rp2_common/hardware_spi/spi.c.obj
                0x10004cf0                spi_set_baudrate
 *fill*         0x10004db2        0x2 
 .text.spi_init
                0x10004db4       0x74 CMakeFiles/rfm69.dir/home/scott/Documents/pico/pico-sdk/src/rp2_common/hardware_spi/spi.c.obj
                0x10004db4                spi_init
 .text          0x10004e28       0x5c /usr/lib/gcc/arm-none-eabi/12.2.1/../../../arm-none-eabi/lib/thumb/v6-m/nofp/libg.a(lib_a-strlen-stub.o)
                0x10004e28                strlen
 *(.fini)
 .fini          0x10004e84        0x4 /usr/lib/gcc/arm-none-eabi/12.2.1/thumb/v6-m/nofp/crti.o
                0x10004e84                _fini
 .fini.__stub   0x10004e88       0x60 linker stubs
 *crtbegin.o(.ctors)
 *crtbegin?.o(.ctors)
 *(EXCLUDE_FILE(*crtend.o *crtend?.o) .ctors)
 *(SORT_BY_NAME(.ctors.*))
 *(.ctors)
 *crtbegin.o(.dtors)
 *crtbegin?.o(.dtors)
 *(EXCLUDE_FILE(*crtend.o *crtend?.o) .dtors)
 *(SORT_BY_NAME(.dtors.*))
 *(.dtors)
 *(.eh_frame*)
 .eh_frame      0x10004ee8        0x0 /usr/lib/gcc/arm-none-eabi/12.2.1/thumb/v6-m/nofp/crtbegin.o
                0x10004ee8                        . = ALIGN (0x4)

.glue_7         0x10004ee8        0x0
 .glue_7        0x10004ee8        0x0 linker stubs

.glue_7t        0x10004ee8        0x0
 .glue_7t       0x10004ee8        0x0 linker stubs

.vfp11_veneer   0x10004ee8        0x0
 .vfp11_veneer  0x10004ee8        0x0 linker stubs

.v4_bx          0x10004ee8        0x0
 .v4_bx         0x10004ee8        0x0 linker stubs

.iplt           0x10004ee8        0x0
 .iplt          0x10004ee8        0x0 /usr/lib/gcc/arm-none-eabi/12.2.1/thumb/v6-m/nofp/crtbegin.o

.rodata         0x10004ee8     0x10e0
 *(EXCLUDE_FILE(*libm.a: *libc.a:*lib_a-mem*.o *libgcc.a:) .rodata*)
 .rodata.main.str1.4
                0x10004ee8       0x4a CMakeFiles/rfm69.dir/src/main.c.obj
 *fill*         0x10004f32        0x2 
 .rodata.__bi_50.0
                0x10004f34        0x8 CMakeFiles/rfm69.dir/src/main.c.obj
 .rodata        0x10004f3c        0xc CMakeFiles/rfm69.dir/src/main.c.obj
 .rodata.rfm69_dump_registers.str1.4
                0x10004f48       0x19 CMakeFiles/rfm69.dir/src/rfm69.c.obj
 *fill*         0x10004f61        0x3 
 .rodata.MODEM_CONFIG_TABLE
                0x10004f64       0xd8 CMakeFiles/rfm69.dir/src/rfm69.c.obj
 .rodata.resolve_branch.str1.4
                0x1000503c       0x5e CMakeFiles/rfm69.dir/home/scott/Documents/pico/pico-sdk/src/rp2_common/hardware_irq/irq.c.obj
 *fill*         0x1000509a        0x2 
 .rodata.make_branch.str1.4
                0x1000509c       0x30 CMakeFiles/rfm69.dir/home/scott/Documents/pico/pico-sdk/src/rp2_common/hardware_irq/irq.c.obj
 .rodata.insert_branch_and_link.str1.4
                0x100050cc       0x10 CMakeFiles/rfm69.dir/home/scott/Documents/pico/pico-sdk/src/rp2_common/hardware_irq/irq.c.obj
 .rodata.irq_set_exclusive_handler.str1.4
                0x100050dc       0x36 CMakeFiles/rfm69.dir/home/scott/Documents/pico/pico-sdk/src/rp2_common/hardware_irq/irq.c.obj
 *fill*         0x10005112        0x2 
 .rodata.irq_add_shared_handler.str1.4
                0x10005114       0xc2 CMakeFiles/rfm69.dir/home/scott/Documents/pico/pico-sdk/src/rp2_common/hardware_irq/irq.c.obj
 *fill*         0x100051d6        0x2 
 .rodata.irq_remove_handler.str1.4
                0x100051d8       0x3a CMakeFiles/rfm69.dir/home/scott/Documents/pico/pico-sdk/src/rp2_common/hardware_irq/irq.c.obj
 *fill*         0x10005212        0x2 
 .rodata.irq_add_tail_to_free_list.str1.4
                0x10005214       0x3a CMakeFiles/rfm69.dir/home/scott/Documents/pico/pico-sdk/src/rp2_common/hardware_irq/irq.c.obj
 *fill*         0x1000524e        0x2 
 .rodata.__func__.0
                0x10005250       0x1a CMakeFiles/rfm69.dir/home/scott/Documents/pico/pico-sdk/src/rp2_common/hardware_irq/irq.c.obj
 *fill*         0x1000526a        0x2 
 .rodata.__func__.1
                0x1000526c       0x17 CMakeFiles/rfm69.dir/home/scott/Documents/pico/pico-sdk/src/rp2_common/hardware_irq/irq.c.obj
 *fill*         0x10005283        0x1 
 .rodata.__func__.2
                0x10005284       0x13 CMakeFiles/rfm69.dir/home/scott/Documents/pico/pico-sdk/src/rp2_common/hardware_irq/irq.c.obj
 *fill*         0x10005297        0x1 
 .rodata.__func__.3
                0x10005298        0xc CMakeFiles/rfm69.dir/home/scott/Documents/pico/pico-sdk/src/rp2_common/hardware_irq/irq.c.obj
 .rodata.__func__.4
                0x100052a4        0xf CMakeFiles/rfm69.dir/home/scott/Documents/pico/pico-sdk/src/rp2_common/hardware_irq/irq.c.obj
 *fill*         0x100052b3        0x1 
 .rodata.__func__.5
                0x100052b4       0x17 CMakeFiles/rfm69.dir/home/scott/Documents/pico/pico-sdk/src/rp2_common/hardware_irq/irq.c.obj
 *fill*         0x100052cb        0x1 
 .rodata.__func__.6
                0x100052cc       0x1a CMakeFiles/rfm69.dir/home/scott/Documents/pico/pico-sdk/src/rp2_common/hardware_irq/irq.c.obj
 *fill*         0x100052e6        0x2 
 .rodata.str1.4
                0x100052e8       0x95 CMakeFiles/rfm69.dir/home/scott/Documents/pico/pico-sdk/src/common/pico_sync/mutex.c.obj
 *fill*         0x1000537d        0x3 
 .rodata.__func__.1
                0x10005380        0xb CMakeFiles/rfm69.dir/home/scott/Documents/pico/pico-sdk/src/common/pico_sync/mutex.c.obj
 *fill*         0x1000538b        0x1 
 .rodata.__func__.3
                0x1000538c       0x18 CMakeFiles/rfm69.dir/home/scott/Documents/pico/pico-sdk/src/common/pico_sync/mutex.c.obj
 .rodata.get_entry.str1.4
                0x100053a4       0x64 CMakeFiles/rfm69.dir/home/scott/Documents/pico/pico-sdk/src/common/pico_time/time.c.obj
 .rodata.update_us_since_boot.str1.4
                0x10005408       0x6a CMakeFiles/rfm69.dir/home/scott/Documents/pico/pico-sdk/src/common/pico_time/time.c.obj
 *fill*         0x10005472        0x2 
 .rodata.ph_get_node.str1.4
                0x10005474       0x6f CMakeFiles/rfm69.dir/home/scott/Documents/pico/pico-sdk/src/common/pico_time/time.c.obj
 *fill*         0x100054e3        0x1 
 .rodata.ph_add_child_node.str1.4
                0x100054e4       0x2e CMakeFiles/rfm69.dir/home/scott/Documents/pico/pico-sdk/src/common/pico_time/time.c.obj
 *fill*         0x10005512        0x2 
 .rodata.ph_insert_node.str1.4
                0x10005514        0x3 CMakeFiles/rfm69.dir/home/scott/Documents/pico/pico-sdk/src/common/pico_time/time.c.obj
 *fill*         0x10005517        0x1 
 .rodata.ph_free_node.str1.4
                0x10005518       0x38 CMakeFiles/rfm69.dir/home/scott/Documents/pico/pico-sdk/src/common/pico_time/time.c.obj
 .rodata.add_alarm_under_lock.str1.4
                0x10005550       0x28 CMakeFiles/rfm69.dir/home/scott/Documents/pico/pico-sdk/src/common/pico_time/time.c.obj
 .rodata.alarm_pool_alarm_callback.str1.4
                0x10005578       0x60 CMakeFiles/rfm69.dir/home/scott/Documents/pico/pico-sdk/src/common/pico_time/time.c.obj
 .rodata.alarm_pool_get_default.str1.4
                0x100055d8       0x21 CMakeFiles/rfm69.dir/home/scott/Documents/pico/pico-sdk/src/common/pico_time/time.c.obj
 *fill*         0x100055f9        0x3 
 .rodata.alarm_pool_cancel_alarm.str1.4
                0x100055fc       0x27 CMakeFiles/rfm69.dir/home/scott/Documents/pico/pico-sdk/src/common/pico_time/time.c.obj
 *fill*         0x10005623        0x1 
 .rodata.sleep_until.str1.4
                0x10005624       0x4d CMakeFiles/rfm69.dir/home/scott/Documents/pico/pico-sdk/src/common/pico_time/time.c.obj
 *fill*         0x10005671        0x3 
 .rodata.__func__.1
                0x10005674       0x18 CMakeFiles/rfm69.dir/home/scott/Documents/pico/pico-sdk/src/common/pico_time/time.c.obj
 .rodata.__func__.3
                0x1000568c       0x17 CMakeFiles/rfm69.dir/home/scott/Documents/pico/pico-sdk/src/common/pico_time/time.c.obj
 *fill*         0x100056a3        0x1 
 .rodata.__func__.4
                0x100056a4       0x12 CMakeFiles/rfm69.dir/home/scott/Documents/pico/pico-sdk/src/common/pico_time/time.c.obj
 *fill*         0x100056b6        0x2 
 .rodata.__func__.5
                0x100056b8        0xd CMakeFiles/rfm69.dir/home/scott/Documents/pico/pico-sdk/src/common/pico_time/time.c.obj
 *fill*         0x100056c5        0x3 
 .rodata.__func__.6
                0x100056c8       0x12 CMakeFiles/rfm69.dir/home/scott/Documents/pico/pico-sdk/src/common/pico_time/time.c.obj
 *fill*         0x100056da        0x2 
 .rodata.__func__.7
                0x100056dc        0xf CMakeFiles/rfm69.dir/home/scott/Documents/pico/pico-sdk/src/common/pico_time/time.c.obj
 *fill*         0x100056eb        0x1 
 .rodata.__func__.8
                0x100056ec        0xc CMakeFiles/rfm69.dir/home/scott/Documents/pico/pico-sdk/src/common/pico_time/time.c.obj
 .rodata.__func__.9
                0x100056f8       0x15 CMakeFiles/rfm69.dir/home/scott/Documents/pico/pico-sdk/src/common/pico_time/time.c.obj
 *fill*         0x1000570d        0x3 
 .rodata.__func__.10
                0x10005710       0x15 CMakeFiles/rfm69.dir/home/scott/Documents/pico/pico-sdk/src/common/pico_time/time.c.obj
 *fill*         0x10005725        0x3 
 .rodata.__func__.11
                0x10005728       0x1a CMakeFiles/rfm69.dir/home/scott/Documents/pico/pico-sdk/src/common/pico_time/time.c.obj
 *fill*         0x10005742        0x2 
 .rodata.__func__.12
                0x10005744        0xa CMakeFiles/rfm69.dir/home/scott/Documents/pico/pico-sdk/src/common/pico_time/time.c.obj
 .rodata.update_us_since_boot.str1.4
                0x1000574e       0x6a CMakeFiles/rfm69.dir/home/scott/Documents/pico/pico-sdk/src/rp2_common/hardware_timer/timer.c.obj
 *fill*         0x1000574e        0x2 
 .rodata.hardware_alarm_claim.str1.4
                0x10005750       0x22 CMakeFiles/rfm69.dir/home/scott/Documents/pico/pico-sdk/src/rp2_common/hardware_timer/timer.c.obj
 *fill*         0x10005772        0x2 
 .rodata.hardware_alarm_set_target.str1.4
                0x10005774       0x6e CMakeFiles/rfm69.dir/home/scott/Documents/pico/pico-sdk/src/rp2_common/hardware_timer/timer.c.obj
 *fill*         0x100057e2        0x2 
 .rodata.__func__.0
                0x100057e4       0x1a CMakeFiles/rfm69.dir/home/scott/Documents/pico/pico-sdk/src/rp2_common/hardware_timer/timer.c.obj
 *fill*         0x100057fe        0x2 
 .rodata.__func__.1
                0x10005800       0x15 CMakeFiles/rfm69.dir/home/scott/Documents/pico/pico-sdk/src/rp2_common/hardware_timer/timer.c.obj
 .rodata.ph_get_node.str1.4
                0x10005815       0x6f CMakeFiles/rfm69.dir/home/scott/Documents/pico/pico-sdk/src/common/pico_util/pheap.c.obj
 .rodata.ph_add_child_node.str1.4
                0x10005815       0x2e CMakeFiles/rfm69.dir/home/scott/Documents/pico/pico-sdk/src/common/pico_util/pheap.c.obj
 *fill*         0x10005815        0x3 
 .rodata.ph_remove_any_head.str1.4
                0x10005818       0x98 CMakeFiles/rfm69.dir/home/scott/Documents/pico/pico-sdk/src/common/pico_util/pheap.c.obj
                                 0xac (size before relaxing)
 .rodata.ph_remove_and_free_node.str1.4
                0x100058b0       0x1e CMakeFiles/rfm69.dir/home/scott/Documents/pico/pico-sdk/src/common/pico_util/pheap.c.obj
                                 0x26 (size before relaxing)
 *fill*         0x100058ce        0x2 
 .rodata.__func__.0
                0x100058d0       0x18 CMakeFiles/rfm69.dir/home/scott/Documents/pico/pico-sdk/src/common/pico_util/pheap.c.obj
 .rodata.__func__.1
                0x100058e8       0x13 CMakeFiles/rfm69.dir/home/scott/Documents/pico/pico-sdk/src/common/pico_util/pheap.c.obj
 *fill*         0x100058fb        0x1 
 .rodata.__func__.2
                0x100058fc       0x12 CMakeFiles/rfm69.dir/home/scott/Documents/pico/pico-sdk/src/common/pico_util/pheap.c.obj
 *fill*         0x1000590e        0x2 
 .rodata.__func__.3
                0x10005910        0xc CMakeFiles/rfm69.dir/home/scott/Documents/pico/pico-sdk/src/common/pico_util/pheap.c.obj
 .rodata.clock_configure.str1.4
                0x1000591c       0x60 CMakeFiles/rfm69.dir/home/scott/Documents/pico/pico-sdk/src/rp2_common/hardware_clocks/clocks.c.obj
 .rodata.__func__.1
                0x1000597c       0x10 CMakeFiles/rfm69.dir/home/scott/Documents/pico/pico-sdk/src/rp2_common/hardware_clocks/clocks.c.obj
 .rodata.pll_init.str1.4
                0x1000598c      0x12c CMakeFiles/rfm69.dir/home/scott/Documents/pico/pico-sdk/src/rp2_common/hardware_pll/pll.c.obj
 .rodata.__func__.0
                0x10005ab8        0x9 CMakeFiles/rfm69.dir/home/scott/Documents/pico/pico-sdk/src/rp2_common/hardware_pll/pll.c.obj
 *fill*         0x10005ac1        0x3 
 .rodata.__assert_func.str1.4
                0x10005ac4       0x3f CMakeFiles/rfm69.dir/home/scott/Documents/pico/pico-sdk/src/rp2_common/pico_runtime/runtime.c.obj
                                 0x43 (size before relaxing)
 *fill*         0x10005b03        0x1 
 .rodata.runtime_init.str1.4
                0x10005b04       0x6a CMakeFiles/rfm69.dir/home/scott/Documents/pico/pico-sdk/src/rp2_common/pico_runtime/runtime.c.obj
 *fill*         0x10005b6e        0x2 
 .rodata.panic.str1.4
                0x10005b70       0x12 CMakeFiles/rfm69.dir/home/scott/Documents/pico/pico-sdk/src/rp2_common/pico_runtime/runtime.c.obj
 *fill*         0x10005b82        0x2 
 .rodata.__func__.2
                0x10005b84        0xd CMakeFiles/rfm69.dir/home/scott/Documents/pico/pico-sdk/src/rp2_common/pico_runtime/runtime.c.obj
 *fill*         0x10005b91        0x3 
 .rodata._ftoa.str1.4
                0x10005b94       0x15 CMakeFiles/rfm69.dir/home/scott/Documents/pico/pico-sdk/src/rp2_common/pico_printf/printf.c.obj
 *fill*         0x10005ba9        0x3 
 .rodata._vsnprintf
                0x10005bac      0x19c CMakeFiles/rfm69.dir/home/scott/Documents/pico/pico-sdk/src/rp2_common/pico_printf/printf.c.obj
 .rodata.pow10.0
                0x10005d48       0x50 CMakeFiles/rfm69.dir/home/scott/Documents/pico/pico-sdk/src/rp2_common/pico_printf/printf.c.obj
 .rodata.__aeabi_double_init.str1.4
                0x10005d98       0xa5 CMakeFiles/rfm69.dir/home/scott/Documents/pico/pico-sdk/src/rp2_common/pico_double/double_init_rom.c.obj
 *fill*         0x10005e3d        0x3 
 .rodata.__func__.0
                0x10005e40       0x14 CMakeFiles/rfm69.dir/home/scott/Documents/pico/pico-sdk/src/rp2_common/pico_double/double_init_rom.c.obj
 .rodata.__aeabi_float_init.str1.4
                0x10005e54       0x83 CMakeFiles/rfm69.dir/home/scott/Documents/pico/pico-sdk/src/rp2_common/pico_float/float_init_rom.c.obj
                                 0x87 (size before relaxing)
 *fill*         0x10005ed7        0x1 
 .rodata.__func__.0
                0x10005ed8       0x13 CMakeFiles/rfm69.dir/home/scott/Documents/pico/pico-sdk/src/rp2_common/pico_float/float_init_rom.c.obj
 *fill*         0x10005eeb        0x1 
 .rodata.str1.4
                0x10005eec       0x50 CMakeFiles/rfm69.dir/home/scott/Documents/pico/pico-sdk/src/rp2_common/pico_standard_link/binary_info.c.obj
 .rodata.__bi_91
                0x10005f3c        0xc CMakeFiles/rfm69.dir/home/scott/Documents/pico/pico-sdk/src/rp2_common/pico_standard_link/binary_info.c.obj
 .rodata.__bi_81
                0x10005f48        0xc CMakeFiles/rfm69.dir/home/scott/Documents/pico/pico-sdk/src/rp2_common/pico_standard_link/binary_info.c.obj
 .rodata.__bi_75
                0x10005f54        0xc CMakeFiles/rfm69.dir/home/scott/Documents/pico/pico-sdk/src/rp2_common/pico_standard_link/binary_info.c.obj
 .rodata.__bi_44
                0x10005f60        0xc CMakeFiles/rfm69.dir/home/scott/Documents/pico/pico-sdk/src/rp2_common/pico_standard_link/binary_info.c.obj
 .rodata.update_us_since_boot.str1.4
                0x10005f6c       0x6a CMakeFiles/rfm69.dir/home/scott/Documents/pico/pico-sdk/src/rp2_common/pico_stdio/stdio.c.obj
 .rodata.crlf_str.2
                0x10005f6c        0x2 CMakeFiles/rfm69.dir/home/scott/Documents/pico/pico-sdk/src/rp2_common/pico_stdio/stdio.c.obj
 *fill*         0x10005f6e        0x2 
 .rodata.__func__.3
                0x10005f70       0x15 CMakeFiles/rfm69.dir/home/scott/Documents/pico/pico-sdk/src/rp2_common/pico_stdio/stdio.c.obj
 *fill*         0x10005f85        0x3 
 .rodata.str1.4
                0x10005f88       0x2c CMakeFiles/rfm69.dir/home/scott/Documents/pico/pico-sdk/src/rp2_common/pico_stdio_uart/stdio_uart.c.obj
 .rodata.__bi_33.4
                0x10005fb4        0xc CMakeFiles/rfm69.dir/home/scott/Documents/pico/pico-sdk/src/rp2_common/pico_stdio_uart/stdio_uart.c.obj
 .rodata.__bi_34.5
                0x10005fc0        0x8 CMakeFiles/rfm69.dir/home/scott/Documents/pico/pico-sdk/src/rp2_common/pico_stdio_uart/stdio_uart.c.obj
                0x10005fc8                        . = ALIGN (0x4)
 *(SORT_BY_ALIGNMENT(SORT_BY_NAME(.flashdata*)))
                0x10005fc8                        . = ALIGN (0x4)

.ARM.extab
 *(.ARM.extab* .gnu.linkonce.armextab.*)
                0x10005fc8                        __exidx_start = .

.ARM.exidx
 *(.ARM.exidx* .gnu.linkonce.armexidx.*)
                0x10005fc8                        __exidx_end = .
                0x10005fc8                        . = ALIGN (0x4)
                0x10005fc8                        __binary_info_start = .

.binary_info    0x10005fc8       0x28
 *(.binary_info.keep.*)
 .binary_info.keep.__bi_ptr50
                0x10005fc8        0x4 CMakeFiles/rfm69.dir/src/main.c.obj
 .binary_info.keep.__bi_ptr91
                0x10005fcc        0x4 CMakeFiles/rfm69.dir/home/scott/Documents/pico/pico-sdk/src/rp2_common/pico_standard_link/binary_info.c.obj
 .binary_info.keep.__bi_ptr81
                0x10005fd0        0x4 CMakeFiles/rfm69.dir/home/scott/Documents/pico/pico-sdk/src/rp2_common/pico_standard_link/binary_info.c.obj
 .binary_info.keep.__bi_ptr75
                0x10005fd4        0x4 CMakeFiles/rfm69.dir/home/scott/Documents/pico/pico-sdk/src/rp2_common/pico_standard_link/binary_info.c.obj
 .binary_info.keep.__bi_ptr50
                0x10005fd8        0x4 CMakeFiles/rfm69.dir/home/scott/Documents/pico/pico-sdk/src/rp2_common/pico_standard_link/binary_info.c.obj
 .binary_info.keep.__bi_ptr44
                0x10005fdc        0x4 CMakeFiles/rfm69.dir/home/scott/Documents/pico/pico-sdk/src/rp2_common/pico_standard_link/binary_info.c.obj
 .binary_info.keep.__bi_ptr30
                0x10005fe0        0x4 CMakeFiles/rfm69.dir/home/scott/Documents/pico/pico-sdk/src/rp2_common/pico_standard_link/binary_info.c.obj
 .binary_info.keep.__bi_ptr22
                0x10005fe4        0x4 CMakeFiles/rfm69.dir/home/scott/Documents/pico/pico-sdk/src/rp2_common/pico_standard_link/binary_info.c.obj
 *(.binary_info.*)
 .binary_info.__bi_ptr34
                0x10005fe8        0x4 CMakeFiles/rfm69.dir/home/scott/Documents/pico/pico-sdk/src/rp2_common/pico_stdio_uart/stdio_uart.c.obj
 .binary_info.__bi_ptr33
                0x10005fec        0x4 CMakeFiles/rfm69.dir/home/scott/Documents/pico/pico-sdk/src/rp2_common/pico_stdio_uart/stdio_uart.c.obj
                0x10005ff0                        __binary_info_end = .

.rel.dyn        0x10005ff0        0x0
 .rel.iplt      0x10005ff0        0x0 /usr/lib/gcc/arm-none-eabi/12.2.1/thumb/v6-m/nofp/crtbegin.o
                0x10005ff0                        . = ALIGN (0x4)

.ram_vector_table
                0x20000000       0xc0
 *(.ram_vector_table)
 .ram_vector_table
                0x20000000       0xc0 CMakeFiles/rfm69.dir/home/scott/Documents/pico/pico-sdk/src/rp2_common/pico_runtime/runtime.c.obj
                0x20000000                ram_vector_table

.data           0x200000c0      0x2c4 load address 0x10005ff0
                0x200000c0                        __data_start__ = .
 *(vtable)
 *(.time_critical*)
 .time_critical.mutex_try_enter
                0x200000c0       0x46 CMakeFiles/rfm69.dir/home/scott/Documents/pico/pico-sdk/src/common/pico_sync/mutex.c.obj
                0x200000c0                mutex_try_enter
 *fill*         0x20000106        0x2 
 .time_critical.mutex_enter_block_until
                0x20000108       0x8c CMakeFiles/rfm69.dir/home/scott/Documents/pico/pico-sdk/src/common/pico_sync/mutex.c.obj
                0x20000108                mutex_enter_block_until
 .time_critical.mutex_try_enter_block_until
                0x20000194       0x34 CMakeFiles/rfm69.dir/home/scott/Documents/pico/pico-sdk/src/common/pico_sync/mutex.c.obj
                0x20000194                mutex_try_enter_block_until
 .time_critical.mutex_exit
                0x200001c8       0x4c CMakeFiles/rfm69.dir/home/scott/Documents/pico/pico-sdk/src/common/pico_sync/mutex.c.obj
                0x200001c8                mutex_exit
 .time_critical.spi_write_blocking
                0x20000214       0x3a CMakeFiles/rfm69.dir/home/scott/Documents/pico/pico-sdk/src/rp2_common/hardware_spi/spi.c.obj
                0x20000214                spi_write_blocking
 .time_critical.spi_read_blocking
                0x2000024e       0x3e CMakeFiles/rfm69.dir/home/scott/Documents/pico/pico-sdk/src/rp2_common/hardware_spi/spi.c.obj
                0x2000024e                spi_read_blocking
 *(.text*)
 .text          0x2000028c        0x4 /usr/lib/gcc/arm-none-eabi/12.2.1/thumb/v6-m/nofp/libgcc.a(_dvmd_tls.o)
                0x2000028c                __aeabi_ldiv0
                0x2000028c                __aeabi_idiv0
 .text.__stub   0x20000290       0x20 linker stubs
                0x200002b0                        . = ALIGN (0x4)
 *(.rodata*)
                0x200002b0                        . = ALIGN (0x4)
 *(.data*)
 .data.striped_spin_lock_num
                0x200002b0        0x1 CMakeFiles/rfm69.dir/home/scott/Documents/pico/pico-sdk/src/rp2_common/hardware_sync/sync.c.obj
 *fill*         0x200002b1        0x3 
 .data          0x200002b4       0x48 CMakeFiles/rfm69.dir/home/scott/Documents/pico/pico-sdk/src/rp2_common/hardware_irq/irq_handler_chain.S.obj
                0x200002b4                irq_handler_chain_slots
                0x200002e4                irq_handler_chain_first_slot
                0x200002ee                irq_handler_chain_remove_tail
 .data.default_alarm_pool
                0x200002fc       0x18 CMakeFiles/rfm69.dir/home/scott/Documents/pico/pico-sdk/src/common/pico_time/time.c.obj
 .data.default_alarm_pool_heap
                0x20000314       0x10 CMakeFiles/rfm69.dir/home/scott/Documents/pico/pico-sdk/src/common/pico_time/time.c.obj
 *fill*         0x20000324        0xc 
 .data.aeabi_bits_funcs
                0x20000330       0x10 CMakeFiles/rfm69.dir/home/scott/Documents/pico/pico-sdk/src/rp2_common/pico_bit_ops/bit_ops_aeabi.S.obj
                0x20000330                aeabi_bits_funcs
                0x20000340                aeabi_bits_funcs_end
 .data.aeabi_mem_funcs
                0x20000340       0x10 CMakeFiles/rfm69.dir/home/scott/Documents/pico/pico-sdk/src/rp2_common/pico_mem_ops/mem_ops_aeabi.S.obj
                0x20000340                aeabi_mem_funcs
                0x20000350                aeabi_mem_funcs_end
 .data.stdio_uart
                0x20000350       0x18 CMakeFiles/rfm69.dir/home/scott/Documents/pico/pico-sdk/src/rp2_common/pico_stdio_uart/stdio_uart.c.obj
                0x20000350                stdio_uart
                0x20000368                        . = ALIGN (0x4)
 *(.after_data.*)
                0x20000368                        . = ALIGN (0x4)
                0x20000368                        PROVIDE (__mutex_array_start = .)
 *(SORT_BY_NAME(.mutex_array.*))
 *(.mutex_array)
 .mutex_array   0x20000368        0x8 CMakeFiles/rfm69.dir/home/scott/Documents/pico/pico-sdk/src/rp2_common/pico_stdio/stdio.c.obj
                0x20000370                        PROVIDE (__mutex_array_end = .)
                0x20000370                        . = ALIGN (0x4)
                0x20000370                        PROVIDE (__preinit_array_start = .)
 *(SORT_BY_NAME(.preinit_array.*))
 .preinit_array.00001
                0x20000370        0x4 CMakeFiles/rfm69.dir/home/scott/Documents/pico/pico-sdk/src/rp2_common/pico_mem_ops/mem_ops_aeabi.S.obj
 .preinit_array.00010
                0x20000374        0x4 CMakeFiles/rfm69.dir/home/scott/Documents/pico/pico-sdk/src/rp2_common/pico_bit_ops/bit_ops_aeabi.S.obj
 .preinit_array.00020
                0x20000378        0x4 CMakeFiles/rfm69.dir/home/scott/Documents/pico/pico-sdk/src/rp2_common/pico_double/double_aeabi.S.obj
 .preinit_array.00020
                0x2000037c        0x4 CMakeFiles/rfm69.dir/home/scott/Documents/pico/pico-sdk/src/rp2_common/pico_float/float_aeabi.S.obj
 *(.preinit_array)
                0x20000380                        PROVIDE (__preinit_array_end = .)
                0x20000380                        . = ALIGN (0x4)
                0x20000380                        PROVIDE (__init_array_start = .)
 *(SORT_BY_NAME(.init_array.*))
 *(.init_array)
 .init_array    0x20000380        0x4 /usr/lib/gcc/arm-none-eabi/12.2.1/thumb/v6-m/nofp/crtbegin.o
                0x20000384                        PROVIDE (__init_array_end = .)
                0x20000384                        . = ALIGN (0x4)
                0x20000384                        PROVIDE (__fini_array_start = .)
 *(SORT_BY_NAME(.fini_array.*))
 *(.fini_array)
                0x20000384                        PROVIDE (__fini_array_end = .)
 *(.jcr)
                0x20000384                        . = ALIGN (0x4)
                0x20000384                        __data_end__ = .
                0x10005ff0                        __etext = LOADADDR (.data)

.tm_clone_table
                0x20000384        0x0 load address 0x100062b4
 .tm_clone_table
                0x20000384        0x0 /usr/lib/gcc/arm-none-eabi/12.2.1/thumb/v6-m/nofp/crtbegin.o
 .tm_clone_table
                0x20000384        0x0 /usr/lib/gcc/arm-none-eabi/12.2.1/thumb/v6-m/nofp/crtend.o

.igot.plt       0x20000384        0x0 load address 0x100062b4
 .igot.plt      0x20000384        0x0 /usr/lib/gcc/arm-none-eabi/12.2.1/thumb/v6-m/nofp/crtbegin.o

.uninitialized_data
                0x20000384        0x0 load address 0x100062b4
                0x20000384                        . = ALIGN (0x4)
 *(.uninitialized_data*)

.scratch_x      0x20040000        0x0 load address 0x100062b4
                0x20040000                        __scratch_x_start__ = .
 *(.scratch_x.*)
                0x20040000                        . = ALIGN (0x4)
                0x20040000                        __scratch_x_end__ = .
                0x100062b4                        __scratch_x_source__ = LOADADDR (.scratch_x)

.scratch_y      0x20041000        0x0 load address 0x100062b4
                0x20041000                        __scratch_y_start__ = .
 *(.scratch_y.*)
                0x20041000                        . = ALIGN (0x4)
                0x20041000                        __scratch_y_end__ = .
                0x100062b4                        __scratch_y_source__ = LOADADDR (.scratch_y)

.bss            0x20000388      0x3e8
                0x20000388                        . = ALIGN (0x4)
                0x20000388                        __bss_start__ = .
 *(SORT_BY_ALIGNMENT(SORT_BY_NAME(.bss*)))
 .bss.default_alarm_pool_entries
                0x20000388      0x100 CMakeFiles/rfm69.dir/home/scott/Documents/pico/pico-sdk/src/common/pico_time/time.c.obj
 .bss           0x20000488       0x1c /usr/lib/gcc/arm-none-eabi/12.2.1/thumb/v6-m/nofp/crtbegin.o
 .bss.alarm_callbacks
                0x200004a4       0x10 CMakeFiles/rfm69.dir/home/scott/Documents/pico/pico-sdk/src/rp2_common/hardware_timer/timer.c.obj
 .bss.callbacks
                0x200004b4        0x8 CMakeFiles/rfm69.dir/home/scott/Documents/pico/pico-sdk/src/rp2_common/hardware_gpio/gpio.c.obj
 .bss.chars_available_callback
                0x200004bc        0x4 CMakeFiles/rfm69.dir/home/scott/Documents/pico/pico-sdk/src/rp2_common/pico_stdio_uart/stdio_uart.c.obj
 .bss.chars_available_param
                0x200004c0        0x4 CMakeFiles/rfm69.dir/home/scott/Documents/pico/pico-sdk/src/rp2_common/pico_stdio_uart/stdio_uart.c.obj
 .bss.configured_freq
                0x200004c4       0x28 CMakeFiles/rfm69.dir/home/scott/Documents/pico/pico-sdk/src/rp2_common/hardware_clocks/clocks.c.obj
 .bss.default_alarm_pool_entry_ids_high
                0x200004ec       0x10 CMakeFiles/rfm69.dir/home/scott/Documents/pico/pico-sdk/src/common/pico_time/time.c.obj
 .bss.default_alarm_pool_heap_nodes
                0x200004fc       0x30 CMakeFiles/rfm69.dir/home/scott/Documents/pico/pico-sdk/src/common/pico_time/time.c.obj
 .bss.drivers   0x2000052c        0x4 CMakeFiles/rfm69.dir/home/scott/Documents/pico/pico-sdk/src/rp2_common/pico_stdio/stdio.c.obj
 .bss.filter    0x20000530        0x4 CMakeFiles/rfm69.dir/home/scott/Documents/pico/pico-sdk/src/rp2_common/pico_stdio/stdio.c.obj
 .bss.pools     0x20000534       0x10 CMakeFiles/rfm69.dir/home/scott/Documents/pico/pico-sdk/src/common/pico_time/time.c.obj
 .bss.raw_irq_mask
                0x20000544        0x8 CMakeFiles/rfm69.dir/home/scott/Documents/pico/pico-sdk/src/rp2_common/hardware_gpio/gpio.c.obj
 .bss.sd_table  0x2000054c      0x100 CMakeFiles/rfm69.dir/home/scott/Documents/pico/pico-sdk/src/rp2_common/pico_double/double_init_rom.c.obj
                0x2000054c                sd_table
 .bss.sf_clz_func
                0x2000064c        0x4 CMakeFiles/rfm69.dir/home/scott/Documents/pico/pico-sdk/src/rp2_common/pico_double/double_init_rom.c.obj
                0x2000064c                sf_clz_func
 .bss.sf_table  0x20000650      0x100 CMakeFiles/rfm69.dir/home/scott/Documents/pico/pico-sdk/src/rp2_common/pico_float/float_init_rom.c.obj
                0x20000650                sf_table
 .bss.sleep_notifier
                0x20000750        0x4 CMakeFiles/rfm69.dir/home/scott/Documents/pico/pico-sdk/src/common/pico_time/time.c.obj
 .bss.target_hi
                0x20000754       0x10 CMakeFiles/rfm69.dir/home/scott/Documents/pico/pico-sdk/src/rp2_common/hardware_timer/timer.c.obj
 .bss.uart_char_to_line_feed
                0x20000764        0x4 CMakeFiles/rfm69.dir/home/scott/Documents/pico/pico-sdk/src/rp2_common/hardware_uart/uart.c.obj
                0x20000764                uart_char_to_line_feed
 .bss.uart_instance
                0x20000768        0x4 CMakeFiles/rfm69.dir/home/scott/Documents/pico/pico-sdk/src/rp2_common/pico_stdio_uart/stdio_uart.c.obj
 .bss.claimed   0x2000076c        0x1 CMakeFiles/rfm69.dir/home/scott/Documents/pico/pico-sdk/src/rp2_common/hardware_timer/timer.c.obj
 .bss.irq_hander_chain_free_slot_head
                0x2000076d        0x1 CMakeFiles/rfm69.dir/home/scott/Documents/pico/pico-sdk/src/rp2_common/hardware_irq/irq.c.obj
 .bss.timer_callbacks_pending
                0x2000076e        0x1 CMakeFiles/rfm69.dir/home/scott/Documents/pico/pico-sdk/src/rp2_common/hardware_timer/timer.c.obj
 *(COMMON)
                0x20000770                        . = ALIGN (0x4)
 *fill*         0x2000076f        0x1 
                0x20000770                        __bss_end__ = .

.heap           0x20000770      0x800
                0x20000770                        __end__ = .
                0x20000770                        end = __end__
 *(.heap*)
 .heap          0x20000770      0x800 CMakeFiles/rfm69.dir/home/scott/Documents/pico/pico-sdk/src/rp2_common/pico_standard_link/crt0.S.obj
                0x20000f70                        __HeapLimit = .

.stack1_dummy
 *(.stack1*)

.stack_dummy    0x20041000      0x800
 *(.stack*)
 .stack         0x20041000      0x800 CMakeFiles/rfm69.dir/home/scott/Documents/pico/pico-sdk/src/rp2_common/pico_standard_link/crt0.S.obj

.flash_end      0x100062b4        0x0
                0x100062b4                        PROVIDE (__flash_binary_end = .)
                0x20040000                        __StackLimit = (ORIGIN (RAM) + LENGTH (RAM))
                0x20041000                        __StackOneTop = (ORIGIN (SCRATCH_X) + LENGTH (SCRATCH_X))
                0x20042000                        __StackTop = (ORIGIN (SCRATCH_Y) + LENGTH (SCRATCH_Y))
                0x20041000                        __StackOneBottom = (__StackOneTop - SIZEOF (.stack1_dummy))
                0x20041800                        __StackBottom = (__StackTop - SIZEOF (.stack_dummy))
                0x20042000                        PROVIDE (__stack = __StackTop)
                0x00000001                        ASSERT ((__StackLimit >= __HeapLimit), region RAM overflowed)
                0x00000001                        ASSERT (((__binary_info_header_end - __logical_binary_start) <= 0x100), Binary info must be in first 256 bytes of the binary)
LOAD CMakeFiles/rfm69.dir/src/main.c.obj
LOAD CMakeFiles/rfm69.dir/src/rfm69.c.obj
LOAD CMakeFiles/rfm69.dir/home/scott/Documents/pico/pico-sdk/src/rp2_common/pico_stdlib/stdlib.c.obj
LOAD CMakeFiles/rfm69.dir/home/scott/Documents/pico/pico-sdk/src/rp2_common/hardware_gpio/gpio.c.obj
LOAD CMakeFiles/rfm69.dir/home/scott/Documents/pico/pico-sdk/src/rp2_common/pico_platform/platform.c.obj
LOAD CMakeFiles/rfm69.dir/home/scott/Documents/pico/pico-sdk/src/rp2_common/hardware_claim/claim.c.obj
LOAD CMakeFiles/rfm69.dir/home/scott/Documents/pico/pico-sdk/src/rp2_common/hardware_sync/sync.c.obj
LOAD CMakeFiles/rfm69.dir/home/scott/Documents/pico/pico-sdk/src/rp2_common/hardware_irq/irq.c.obj
LOAD CMakeFiles/rfm69.dir/home/scott/Documents/pico/pico-sdk/src/rp2_common/hardware_irq/irq_handler_chain.S.obj
LOAD CMakeFiles/rfm69.dir/home/scott/Documents/pico/pico-sdk/src/common/pico_sync/sem.c.obj
LOAD CMakeFiles/rfm69.dir/home/scott/Documents/pico/pico-sdk/src/common/pico_sync/lock_core.c.obj
LOAD CMakeFiles/rfm69.dir/home/scott/Documents/pico/pico-sdk/src/common/pico_sync/mutex.c.obj
LOAD CMakeFiles/rfm69.dir/home/scott/Documents/pico/pico-sdk/src/common/pico_sync/critical_section.c.obj
LOAD CMakeFiles/rfm69.dir/home/scott/Documents/pico/pico-sdk/src/common/pico_time/time.c.obj
LOAD CMakeFiles/rfm69.dir/home/scott/Documents/pico/pico-sdk/src/common/pico_time/timeout_helper.c.obj
LOAD CMakeFiles/rfm69.dir/home/scott/Documents/pico/pico-sdk/src/rp2_common/hardware_timer/timer.c.obj
LOAD CMakeFiles/rfm69.dir/home/scott/Documents/pico/pico-sdk/src/common/pico_util/datetime.c.obj
LOAD CMakeFiles/rfm69.dir/home/scott/Documents/pico/pico-sdk/src/common/pico_util/pheap.c.obj
LOAD CMakeFiles/rfm69.dir/home/scott/Documents/pico/pico-sdk/src/common/pico_util/queue.c.obj
LOAD CMakeFiles/rfm69.dir/home/scott/Documents/pico/pico-sdk/src/rp2_common/hardware_uart/uart.c.obj
LOAD CMakeFiles/rfm69.dir/home/scott/Documents/pico/pico-sdk/src/rp2_common/hardware_clocks/clocks.c.obj
LOAD CMakeFiles/rfm69.dir/home/scott/Documents/pico/pico-sdk/src/rp2_common/hardware_pll/pll.c.obj
LOAD CMakeFiles/rfm69.dir/home/scott/Documents/pico/pico-sdk/src/rp2_common/hardware_vreg/vreg.c.obj
LOAD CMakeFiles/rfm69.dir/home/scott/Documents/pico/pico-sdk/src/rp2_common/hardware_watchdog/watchdog.c.obj
LOAD CMakeFiles/rfm69.dir/home/scott/Documents/pico/pico-sdk/src/rp2_common/hardware_xosc/xosc.c.obj
LOAD CMakeFiles/rfm69.dir/home/scott/Documents/pico/pico-sdk/src/rp2_common/hardware_divider/divider.S.obj
LOAD CMakeFiles/rfm69.dir/home/scott/Documents/pico/pico-sdk/src/rp2_common/pico_runtime/runtime.c.obj
LOAD CMakeFiles/rfm69.dir/home/scott/Documents/pico/pico-sdk/src/rp2_common/pico_printf/printf.c.obj
LOAD CMakeFiles/rfm69.dir/home/scott/Documents/pico/pico-sdk/src/rp2_common/pico_bit_ops/bit_ops_aeabi.S.obj
LOAD CMakeFiles/rfm69.dir/home/scott/Documents/pico/pico-sdk/src/rp2_common/pico_bootrom/bootrom.c.obj
LOAD CMakeFiles/rfm69.dir/home/scott/Documents/pico/pico-sdk/src/rp2_common/pico_divider/divider.S.obj
LOAD CMakeFiles/rfm69.dir/home/scott/Documents/pico/pico-sdk/src/rp2_common/pico_double/double_aeabi.S.obj
LOAD CMakeFiles/rfm69.dir/home/scott/Documents/pico/pico-sdk/src/rp2_common/pico_double/double_init_rom.c.obj
LOAD CMakeFiles/rfm69.dir/home/scott/Documents/pico/pico-sdk/src/rp2_common/pico_double/double_math.c.obj
LOAD CMakeFiles/rfm69.dir/home/scott/Documents/pico/pico-sdk/src/rp2_common/pico_double/double_v1_rom_shim.S.obj
LOAD CMakeFiles/rfm69.dir/home/scott/Documents/pico/pico-sdk/src/rp2_common/pico_int64_ops/pico_int64_ops_aeabi.S.obj
LOAD CMakeFiles/rfm69.dir/home/scott/Documents/pico/pico-sdk/src/rp2_common/pico_float/float_aeabi.S.obj
LOAD CMakeFiles/rfm69.dir/home/scott/Documents/pico/pico-sdk/src/rp2_common/pico_float/float_init_rom.c.obj
LOAD CMakeFiles/rfm69.dir/home/scott/Documents/pico/pico-sdk/src/rp2_common/pico_float/float_math.c.obj
LOAD CMakeFiles/rfm69.dir/home/scott/Documents/pico/pico-sdk/src/rp2_common/pico_float/float_v1_rom_shim.S.obj
LOAD CMakeFiles/rfm69.dir/home/scott/Documents/pico/pico-sdk/src/rp2_common/pico_malloc/pico_malloc.c.obj
LOAD CMakeFiles/rfm69.dir/home/scott/Documents/pico/pico-sdk/src/rp2_common/pico_mem_ops/mem_ops_aeabi.S.obj
LOAD CMakeFiles/rfm69.dir/home/scott/Documents/pico/pico-sdk/src/rp2_common/pico_standard_link/crt0.S.obj
LOAD CMakeFiles/rfm69.dir/home/scott/Documents/pico/pico-sdk/src/rp2_common/pico_standard_link/new_delete.cpp.obj
LOAD CMakeFiles/rfm69.dir/home/scott/Documents/pico/pico-sdk/src/rp2_common/pico_standard_link/binary_info.c.obj
LOAD CMakeFiles/rfm69.dir/home/scott/Documents/pico/pico-sdk/src/rp2_common/pico_stdio/stdio.c.obj
LOAD CMakeFiles/rfm69.dir/home/scott/Documents/pico/pico-sdk/src/rp2_common/pico_stdio_uart/stdio_uart.c.obj
LOAD CMakeFiles/rfm69.dir/home/scott/Documents/pico/pico-sdk/src/rp2_common/hardware_spi/spi.c.obj
LOAD /tmp/ccLxBZCi.o
LOAD /usr/lib/gcc/arm-none-eabi/12.2.1/../../../arm-none-eabi/lib/thumb/v6-m/nofp/libstdc++.a
LOAD /usr/lib/gcc/arm-none-eabi/12.2.1/../../../arm-none-eabi/lib/thumb/v6-m/nofp/libm.a
START GROUP
LOAD /usr/lib/gcc/arm-none-eabi/12.2.1/thumb/v6-m/nofp/libgcc.a
LOAD /usr/lib/gcc/arm-none-eabi/12.2.1/../../../arm-none-eabi/lib/thumb/v6-m/nofp/libg.a
LOAD /usr/lib/gcc/arm-none-eabi/12.2.1/../../../arm-none-eabi/lib/thumb/v6-m/nofp/libc.a
END GROUP
START GROUP
LOAD /usr/lib/gcc/arm-none-eabi/12.2.1/thumb/v6-m/nofp/libgcc.a
LOAD /usr/lib/gcc/arm-none-eabi/12.2.1/../../../arm-none-eabi/lib/thumb/v6-m/nofp/libc.a
LOAD /usr/lib/gcc/arm-none-eabi/12.2.1/../../../arm-none-eabi/lib/thumb/v6-m/nofp/libnosys.a
END GROUP
LOAD /usr/lib/gcc/arm-none-eabi/12.2.1/thumb/v6-m/nofp/crtend.o
LOAD /usr/lib/gcc/arm-none-eabi/12.2.1/thumb/v6-m/nofp/crtn.o
OUTPUT(rfm69.elf elf32-littlearm)
LOAD linker stubs

.ARM.attributes
                0x00000000       0x28
 .ARM.attributes
                0x00000000       0x1e /usr/lib/gcc/arm-none-eabi/12.2.1/thumb/v6-m/nofp/crti.o
 .ARM.attributes
                0x0000001e       0x2c /usr/lib/gcc/arm-none-eabi/12.2.1/thumb/v6-m/nofp/crtbegin.o
 .ARM.attributes
                0x0000004a       0x2c CMakeFiles/rfm69.dir/src/main.c.obj
 .ARM.attributes
                0x00000076       0x2c CMakeFiles/rfm69.dir/src/rfm69.c.obj
 .ARM.attributes
                0x000000a2       0x2c CMakeFiles/rfm69.dir/home/scott/Documents/pico/pico-sdk/src/rp2_common/hardware_gpio/gpio.c.obj
 .ARM.attributes
                0x000000ce       0x2c CMakeFiles/rfm69.dir/home/scott/Documents/pico/pico-sdk/src/rp2_common/pico_platform/platform.c.obj
 .ARM.attributes
                0x000000fa       0x2c CMakeFiles/rfm69.dir/home/scott/Documents/pico/pico-sdk/src/rp2_common/hardware_claim/claim.c.obj
 .ARM.attributes
                0x00000126       0x2c CMakeFiles/rfm69.dir/home/scott/Documents/pico/pico-sdk/src/rp2_common/hardware_sync/sync.c.obj
 .ARM.attributes
                0x00000152       0x2c CMakeFiles/rfm69.dir/home/scott/Documents/pico/pico-sdk/src/rp2_common/hardware_irq/irq.c.obj
 .ARM.attributes
                0x0000017e       0x22 CMakeFiles/rfm69.dir/home/scott/Documents/pico/pico-sdk/src/rp2_common/hardware_irq/irq_handler_chain.S.obj
 .ARM.attributes
                0x000001a0       0x2c CMakeFiles/rfm69.dir/home/scott/Documents/pico/pico-sdk/src/common/pico_sync/lock_core.c.obj
 .ARM.attributes
                0x000001cc       0x2c CMakeFiles/rfm69.dir/home/scott/Documents/pico/pico-sdk/src/common/pico_sync/mutex.c.obj
 .ARM.attributes
                0x000001f8       0x2c CMakeFiles/rfm69.dir/home/scott/Documents/pico/pico-sdk/src/common/pico_time/time.c.obj
 .ARM.attributes
                0x00000224       0x2c CMakeFiles/rfm69.dir/home/scott/Documents/pico/pico-sdk/src/rp2_common/hardware_timer/timer.c.obj
 .ARM.attributes
                0x00000250       0x2c CMakeFiles/rfm69.dir/home/scott/Documents/pico/pico-sdk/src/common/pico_util/pheap.c.obj
 .ARM.attributes
                0x0000027c       0x2c CMakeFiles/rfm69.dir/home/scott/Documents/pico/pico-sdk/src/rp2_common/hardware_uart/uart.c.obj
 .ARM.attributes
                0x000002a8       0x2c CMakeFiles/rfm69.dir/home/scott/Documents/pico/pico-sdk/src/rp2_common/hardware_clocks/clocks.c.obj
 .ARM.attributes
                0x000002d4       0x2c CMakeFiles/rfm69.dir/home/scott/Documents/pico/pico-sdk/src/rp2_common/hardware_pll/pll.c.obj
 .ARM.attributes
                0x00000300       0x2c CMakeFiles/rfm69.dir/home/scott/Documents/pico/pico-sdk/src/rp2_common/hardware_watchdog/watchdog.c.obj
 .ARM.attributes
                0x0000032c       0x2c CMakeFiles/rfm69.dir/home/scott/Documents/pico/pico-sdk/src/rp2_common/hardware_xosc/xosc.c.obj
 .ARM.attributes
                0x00000358       0x2c CMakeFiles/rfm69.dir/home/scott/Documents/pico/pico-sdk/src/rp2_common/pico_runtime/runtime.c.obj
 .ARM.attributes
                0x00000384       0x2c CMakeFiles/rfm69.dir/home/scott/Documents/pico/pico-sdk/src/rp2_common/pico_printf/printf.c.obj
 .ARM.attributes
                0x000003b0       0x22 CMakeFiles/rfm69.dir/home/scott/Documents/pico/pico-sdk/src/rp2_common/pico_bit_ops/bit_ops_aeabi.S.obj
 .ARM.attributes
                0x000003d2       0x2c CMakeFiles/rfm69.dir/home/scott/Documents/pico/pico-sdk/src/rp2_common/pico_bootrom/bootrom.c.obj
 .ARM.attributes
                0x000003fe       0x22 CMakeFiles/rfm69.dir/home/scott/Documents/pico/pico-sdk/src/rp2_common/pico_divider/divider.S.obj
 .ARM.attributes
                0x00000420       0x22 CMakeFiles/rfm69.dir/home/scott/Documents/pico/pico-sdk/src/rp2_common/pico_double/double_aeabi.S.obj
 .ARM.attributes
                0x00000442       0x2c CMakeFiles/rfm69.dir/home/scott/Documents/pico/pico-sdk/src/rp2_common/pico_double/double_init_rom.c.obj
 .ARM.attributes
                0x0000046e       0x22 CMakeFiles/rfm69.dir/home/scott/Documents/pico/pico-sdk/src/rp2_common/pico_double/double_v1_rom_shim.S.obj
 .ARM.attributes
                0x00000490       0x22 CMakeFiles/rfm69.dir/home/scott/Documents/pico/pico-sdk/src/rp2_common/pico_int64_ops/pico_int64_ops_aeabi.S.obj
 .ARM.attributes
                0x000004b2       0x22 CMakeFiles/rfm69.dir/home/scott/Documents/pico/pico-sdk/src/rp2_common/pico_float/float_aeabi.S.obj
 .ARM.attributes
                0x000004d4       0x2c CMakeFiles/rfm69.dir/home/scott/Documents/pico/pico-sdk/src/rp2_common/pico_float/float_init_rom.c.obj
 .ARM.attributes
                0x00000500       0x22 CMakeFiles/rfm69.dir/home/scott/Documents/pico/pico-sdk/src/rp2_common/pico_float/float_v1_rom_shim.S.obj
 .ARM.attributes
                0x00000522       0x22 CMakeFiles/rfm69.dir/home/scott/Documents/pico/pico-sdk/src/rp2_common/pico_mem_ops/mem_ops_aeabi.S.obj
 .ARM.attributes
                0x00000544       0x22 CMakeFiles/rfm69.dir/home/scott/Documents/pico/pico-sdk/src/rp2_common/pico_standard_link/crt0.S.obj
 .ARM.attributes
                0x00000566       0x2c CMakeFiles/rfm69.dir/home/scott/Documents/pico/pico-sdk/src/rp2_common/pico_standard_link/binary_info.c.obj
 .ARM.attributes
                0x00000592       0x2c CMakeFiles/rfm69.dir/home/scott/Documents/pico/pico-sdk/src/rp2_common/pico_stdio/stdio.c.obj
 .ARM.attributes
                0x000005be       0x2c CMakeFiles/rfm69.dir/home/scott/Documents/pico/pico-sdk/src/rp2_common/pico_stdio_uart/stdio_uart.c.obj
 .ARM.attributes
                0x000005ea       0x2c CMakeFiles/rfm69.dir/home/scott/Documents/pico/pico-sdk/src/rp2_common/hardware_spi/spi.c.obj
 .ARM.attributes
                0x00000616       0x22 /tmp/ccLxBZCi.o
 .ARM.attributes
                0x00000638       0x1e /usr/lib/gcc/arm-none-eabi/12.2.1/thumb/v6-m/nofp/libgcc.a(_dvmd_tls.o)
 .ARM.attributes
                0x00000656       0x2c /usr/lib/gcc/arm-none-eabi/12.2.1/../../../arm-none-eabi/lib/thumb/v6-m/nofp/libg.a(lib_a-strlen-stub.o)
 .ARM.attributes
                0x00000682       0x2c /usr/lib/gcc/arm-none-eabi/12.2.1/thumb/v6-m/nofp/crtend.o

.comment        0x00000000       0x59
 .comment       0x00000000       0x26 /usr/lib/gcc/arm-none-eabi/12.2.1/thumb/v6-m/nofp/crtbegin.o
                                 0x27 (size before relaxing)
 .comment       0x00000026       0x27 CMakeFiles/rfm69.dir/src/main.c.obj
 .comment       0x00000026       0x27 CMakeFiles/rfm69.dir/src/rfm69.c.obj
 .comment       0x00000026       0x27 CMakeFiles/rfm69.dir/home/scott/Documents/pico/pico-sdk/src/rp2_common/hardware_gpio/gpio.c.obj
 .comment       0x00000026       0x27 CMakeFiles/rfm69.dir/home/scott/Documents/pico/pico-sdk/src/rp2_common/pico_platform/platform.c.obj
 .comment       0x00000026       0x27 CMakeFiles/rfm69.dir/home/scott/Documents/pico/pico-sdk/src/rp2_common/hardware_claim/claim.c.obj
 .comment       0x00000026       0x27 CMakeFiles/rfm69.dir/home/scott/Documents/pico/pico-sdk/src/rp2_common/hardware_sync/sync.c.obj
 .comment       0x00000026       0x27 CMakeFiles/rfm69.dir/home/scott/Documents/pico/pico-sdk/src/rp2_common/hardware_irq/irq.c.obj
 .comment       0x00000026       0x27 CMakeFiles/rfm69.dir/home/scott/Documents/pico/pico-sdk/src/common/pico_sync/lock_core.c.obj
 .comment       0x00000026       0x27 CMakeFiles/rfm69.dir/home/scott/Documents/pico/pico-sdk/src/common/pico_sync/mutex.c.obj
 .comment       0x00000026       0x27 CMakeFiles/rfm69.dir/home/scott/Documents/pico/pico-sdk/src/common/pico_time/time.c.obj
 .comment       0x00000026       0x27 CMakeFiles/rfm69.dir/home/scott/Documents/pico/pico-sdk/src/rp2_common/hardware_timer/timer.c.obj
 .comment       0x00000026       0x27 CMakeFiles/rfm69.dir/home/scott/Documents/pico/pico-sdk/src/common/pico_util/pheap.c.obj
 .comment       0x00000026       0x27 CMakeFiles/rfm69.dir/home/scott/Documents/pico/pico-sdk/src/rp2_common/hardware_uart/uart.c.obj
 .comment       0x00000026       0x27 CMakeFiles/rfm69.dir/home/scott/Documents/pico/pico-sdk/src/rp2_common/hardware_clocks/clocks.c.obj
 .comment       0x00000026       0x27 CMakeFiles/rfm69.dir/home/scott/Documents/pico/pico-sdk/src/rp2_common/hardware_pll/pll.c.obj
 .comment       0x00000026       0x27 CMakeFiles/rfm69.dir/home/scott/Documents/pico/pico-sdk/src/rp2_common/hardware_watchdog/watchdog.c.obj
 .comment       0x00000026       0x27 CMakeFiles/rfm69.dir/home/scott/Documents/pico/pico-sdk/src/rp2_common/hardware_xosc/xosc.c.obj
 .comment       0x00000026       0x27 CMakeFiles/rfm69.dir/home/scott/Documents/pico/pico-sdk/src/rp2_common/pico_runtime/runtime.c.obj
 .comment       0x00000026       0x27 CMakeFiles/rfm69.dir/home/scott/Documents/pico/pico-sdk/src/rp2_common/pico_printf/printf.c.obj
 .comment       0x00000026       0x27 CMakeFiles/rfm69.dir/home/scott/Documents/pico/pico-sdk/src/rp2_common/pico_bootrom/bootrom.c.obj
 .comment       0x00000026       0x27 CMakeFiles/rfm69.dir/home/scott/Documents/pico/pico-sdk/src/rp2_common/pico_double/double_init_rom.c.obj
 .comment       0x00000026       0x27 CMakeFiles/rfm69.dir/home/scott/Documents/pico/pico-sdk/src/rp2_common/pico_float/float_init_rom.c.obj
 .comment       0x00000026       0x27 CMakeFiles/rfm69.dir/home/scott/Documents/pico/pico-sdk/src/rp2_common/pico_standard_link/binary_info.c.obj
 .comment       0x00000026       0x27 CMakeFiles/rfm69.dir/home/scott/Documents/pico/pico-sdk/src/rp2_common/pico_stdio/stdio.c.obj
 .comment       0x00000026       0x27 CMakeFiles/rfm69.dir/home/scott/Documents/pico/pico-sdk/src/rp2_common/pico_stdio_uart/stdio_uart.c.obj
 .comment       0x00000026       0x27 CMakeFiles/rfm69.dir/home/scott/Documents/pico/pico-sdk/src/rp2_common/hardware_spi/spi.c.obj
 .comment       0x00000026       0x33 /usr/lib/gcc/arm-none-eabi/12.2.1/../../../arm-none-eabi/lib/thumb/v6-m/nofp/libg.a(lib_a-strlen-stub.o)
                                 0x34 (size before relaxing)
 .comment       0x00000059       0x27 /usr/lib/gcc/arm-none-eabi/12.2.1/thumb/v6-m/nofp/crtend.o

.debug_info     0x00000000    0x170b0
 .debug_info    0x00000000      0xa67 CMakeFiles/rfm69.dir/src/main.c.obj
 .debug_info    0x00000a67     0x184c CMakeFiles/rfm69.dir/src/rfm69.c.obj
 .debug_info    0x000022b3     0x17d1 CMakeFiles/rfm69.dir/home/scott/Documents/pico/pico-sdk/src/rp2_common/hardware_gpio/gpio.c.obj
 .debug_info    0x00003a84      0x1e3 CMakeFiles/rfm69.dir/home/scott/Documents/pico/pico-sdk/src/rp2_common/pico_platform/platform.c.obj
 .debug_info    0x00003c67      0x682 CMakeFiles/rfm69.dir/home/scott/Documents/pico/pico-sdk/src/rp2_common/hardware_claim/claim.c.obj
 .debug_info    0x000042e9      0x5c3 CMakeFiles/rfm69.dir/home/scott/Documents/pico/pico-sdk/src/rp2_common/hardware_sync/sync.c.obj
 .debug_info    0x000048ac     0x1bc3 CMakeFiles/rfm69.dir/home/scott/Documents/pico/pico-sdk/src/rp2_common/hardware_irq/irq.c.obj
 .debug_info    0x0000646f      0x197 CMakeFiles/rfm69.dir/home/scott/Documents/pico/pico-sdk/src/common/pico_sync/lock_core.c.obj
 .debug_info    0x00006606     0x1ce9 CMakeFiles/rfm69.dir/home/scott/Documents/pico/pico-sdk/src/common/pico_sync/mutex.c.obj
 .debug_info    0x000082ef     0x33ad CMakeFiles/rfm69.dir/home/scott/Documents/pico/pico-sdk/src/common/pico_time/time.c.obj
 .debug_info    0x0000b69c     0x13ee CMakeFiles/rfm69.dir/home/scott/Documents/pico/pico-sdk/src/rp2_common/hardware_timer/timer.c.obj
 .debug_info    0x0000ca8a      0xe63 CMakeFiles/rfm69.dir/home/scott/Documents/pico/pico-sdk/src/common/pico_util/pheap.c.obj
 .debug_info    0x0000d8ed      0xd74 CMakeFiles/rfm69.dir/home/scott/Documents/pico/pico-sdk/src/rp2_common/hardware_uart/uart.c.obj
 .debug_info    0x0000e661      0xfb7 CMakeFiles/rfm69.dir/home/scott/Documents/pico/pico-sdk/src/rp2_common/hardware_clocks/clocks.c.obj
 .debug_info    0x0000f618      0x4ed CMakeFiles/rfm69.dir/home/scott/Documents/pico/pico-sdk/src/rp2_common/hardware_pll/pll.c.obj
 .debug_info    0x0000fb05      0x4c5 CMakeFiles/rfm69.dir/home/scott/Documents/pico/pico-sdk/src/rp2_common/hardware_watchdog/watchdog.c.obj
 .debug_info    0x0000ffca      0x1af CMakeFiles/rfm69.dir/home/scott/Documents/pico/pico-sdk/src/rp2_common/hardware_xosc/xosc.c.obj
 .debug_info    0x00010179      0xf17 CMakeFiles/rfm69.dir/home/scott/Documents/pico/pico-sdk/src/rp2_common/pico_runtime/runtime.c.obj
 .debug_info    0x00011090     0x198a CMakeFiles/rfm69.dir/home/scott/Documents/pico/pico-sdk/src/rp2_common/pico_printf/printf.c.obj
 .debug_info    0x00012a1a       0x23 CMakeFiles/rfm69.dir/home/scott/Documents/pico/pico-sdk/src/rp2_common/pico_bit_ops/bit_ops_aeabi.S.obj
 .debug_info    0x00012a3d      0x301 CMakeFiles/rfm69.dir/home/scott/Documents/pico/pico-sdk/src/rp2_common/pico_bootrom/bootrom.c.obj
 .debug_info    0x00012d3e       0x23 CMakeFiles/rfm69.dir/home/scott/Documents/pico/pico-sdk/src/rp2_common/pico_divider/divider.S.obj
 .debug_info    0x00012d61       0x23 CMakeFiles/rfm69.dir/home/scott/Documents/pico/pico-sdk/src/rp2_common/pico_double/double_aeabi.S.obj
 .debug_info    0x00012d84      0x30b CMakeFiles/rfm69.dir/home/scott/Documents/pico/pico-sdk/src/rp2_common/pico_double/double_init_rom.c.obj
 .debug_info    0x0001308f       0x23 CMakeFiles/rfm69.dir/home/scott/Documents/pico/pico-sdk/src/rp2_common/pico_double/double_v1_rom_shim.S.obj
 .debug_info    0x000130b2       0x24 CMakeFiles/rfm69.dir/home/scott/Documents/pico/pico-sdk/src/rp2_common/pico_int64_ops/pico_int64_ops_aeabi.S.obj
 .debug_info    0x000130d6       0x23 CMakeFiles/rfm69.dir/home/scott/Documents/pico/pico-sdk/src/rp2_common/pico_float/float_aeabi.S.obj
 .debug_info    0x000130f9      0x31f CMakeFiles/rfm69.dir/home/scott/Documents/pico/pico-sdk/src/rp2_common/pico_float/float_init_rom.c.obj
 .debug_info    0x00013418       0x23 CMakeFiles/rfm69.dir/home/scott/Documents/pico/pico-sdk/src/rp2_common/pico_float/float_v1_rom_shim.S.obj
 .debug_info    0x0001343b       0x23 CMakeFiles/rfm69.dir/home/scott/Documents/pico/pico-sdk/src/rp2_common/pico_mem_ops/mem_ops_aeabi.S.obj
 .debug_info    0x0001345e       0x23 CMakeFiles/rfm69.dir/home/scott/Documents/pico/pico-sdk/src/rp2_common/pico_standard_link/crt0.S.obj
 .debug_info    0x00013481      0x288 CMakeFiles/rfm69.dir/home/scott/Documents/pico/pico-sdk/src/rp2_common/pico_standard_link/binary_info.c.obj
 .debug_info    0x00013709     0x1725 CMakeFiles/rfm69.dir/home/scott/Documents/pico/pico-sdk/src/rp2_common/pico_stdio/stdio.c.obj
 .debug_info    0x00014e2e     0x1003 CMakeFiles/rfm69.dir/home/scott/Documents/pico/pico-sdk/src/rp2_common/pico_stdio_uart/stdio_uart.c.obj